Archive member included because of file (symbol)

C:\Users\Prototipado\Documents\LPCXpresso_7.6.2_326\Workspace\LIB_GL865\Debug\libLIB_GL865.a(GL865.o)
                              ./Drivers/src/Modem.o (GL865_Init)
C:\Users\Prototipado\Documents\LPCXpresso_7.6.2_326\Workspace\Lib_FatFs_SD\Debug\libLib_FatFs_SD.a(ff.o)
                              ./Drivers/src/DSD.o (f_mount)
C:\Users\Prototipado\Documents\LPCXpresso_7.6.2_326\Workspace\Lib_FatFs_SD\Debug\libLib_FatFs_SD.a(mmc.o)
                              ./Drivers/src/DSD.o (disk_initialize)
C:\Users\Prototipado\Documents\LPCXpresso_7.6.2_326\Workspace\Lib_FatFs_SD\Debug\libLib_FatFs_SD.a(FatFS_support.o)
                              C:\Users\Prototipado\Documents\LPCXpresso_7.6.2_326\Workspace\Lib_FatFs_SD\Debug\libLib_FatFs_SD.a(ff.o) (get_fattime)
C:\Users\Prototipado\Documents\LPCXpresso_7.6.2_326\Workspace\LIB_GLCDgui\Debug\libLIB_GLCDgui.a(GLCDgui.o)
                              ./Drivers/src/Display.o (GUI_StartLibrary)
C:\Users\Prototipado\Documents\LPCXpresso_7.6.2_326\Workspace\LIB_GLCDgui\Debug\libLIB_GLCDgui.a(list.o)
                              C:\Users\Prototipado\Documents\LPCXpresso_7.6.2_326\Workspace\LIB_GLCDgui\Debug\libLIB_GLCDgui.a(GLCDgui.o) (List_Init)
C:\Users\Prototipado\Documents\LPCXpresso_7.6.2_326\Workspace\LIB_GLCDgui\Debug\libLIB_GLCDgui.a(picture.o)
                              ./Drivers/src/Display.o (GUI_Picture_Create)
C:\Users\Prototipado\Documents\LPCXpresso_7.6.2_326\Workspace\LIB_GLCDgui\Debug\libLIB_GLCDgui.a(text.o)
                              ./Drivers/src/Display.o (GUI_Text_Create)
C:\Users\Prototipado\Documents\LPCXpresso_7.6.2_326\Workspace\LIB_GLCDgui\Debug\libLIB_GLCDgui.a(windows.o)
                              ./Drivers/src/Display.o (GUI_Window_Create)
C:\Users\Prototipado\Documents\LPCXpresso_7.6.2_326\Workspace\LIB_GLCDgui\Debug\libLIB_GLCDgui.a(object.o)
                              C:\Users\Prototipado\Documents\LPCXpresso_7.6.2_326\Workspace\LIB_GLCDgui\Debug\libLIB_GLCDgui.a(windows.o) (GUI_DrawObject)
C:\Users\Prototipado\Documents\LPCXpresso_7.6.2_326\Workspace\LIB_GLCDgui\Debug\libLIB_GLCDgui.a(textSlider.o)
                              C:\Users\Prototipado\Documents\LPCXpresso_7.6.2_326\Workspace\LIB_GLCDgui\Debug\libLIB_GLCDgui.a(object.o) (GUI_TextSlider_Draw)
C:\Users\Prototipado\Documents\LPCXpresso_7.6.2_326\Workspace\LIB_GLCDgui\Debug\libLIB_GLCDgui.a(button.o)
                              C:\Users\Prototipado\Documents\LPCXpresso_7.6.2_326\Workspace\LIB_GLCDgui\Debug\libLIB_GLCDgui.a(textSlider.o) (GUI_Button_CreateNotInWindowList)
C:\Users\Prototipado\Documents\LPCXpresso_7.6.2_326\Workspace\LIB_GLCDPrimitives\Debug\libLIB_GLCDPrimitives.a(GLCDFonts.o)
                              C:\Users\Prototipado\Documents\LPCXpresso_7.6.2_326\Workspace\LIB_GLCDgui\Debug\libLIB_GLCDgui.a(text.o) (GLCD_SelectFont)
C:\Users\Prototipado\Documents\LPCXpresso_7.6.2_326\Workspace\LIB_GLCDPrimitives\Debug\libLIB_GLCDPrimitives.a(GLCDPrimitives.o)
                              C:\Users\Prototipado\Documents\LPCXpresso_7.6.2_326\Workspace\LIB_GLCDgui\Debug\libLIB_GLCDgui.a(GLCDgui.o) (GLCDPrimitives_ClearScreen)
C:\Users\Prototipado\Documents\LPCXpresso_7.6.2_326\Workspace\Lib_GLCDLowLevel\Debug\libLib_GLCDLowLevel.a(GLCDLowLevel.o)
                              C:\Users\Prototipado\Documents\LPCXpresso_7.6.2_326\Workspace\LIB_GLCDgui\Debug\libLIB_GLCDgui.a(GLCDgui.o) (GLCDLowLevel_Init)
C:\Users\Prototipado\Documents\LPCXpresso_7.6.2_326\Workspace\Lib_GLCDLowLevel\Debug\libLib_GLCDLowLevel.a(MicroInterface.o)
                              C:\Users\Prototipado\Documents\LPCXpresso_7.6.2_326\Workspace\Lib_GLCDLowLevel\Debug\libLib_GLCDLowLevel.a(GLCDLowLevel.o) (MicroInterface_Init)
C:\Users\Prototipado\Documents\LPCXpresso_7.6.2_326\Workspace\lpc_chip_175x_6x\Debug\liblpc_chip_175x_6x.a(can_17xx_40xx.o)
                              ./Board/src/Board.o (Chip_CAN_Init)
C:\Users\Prototipado\Documents\LPCXpresso_7.6.2_326\Workspace\lpc_chip_175x_6x\Debug\liblpc_chip_175x_6x.a(chip_17xx_40xx.o)
                              ./freertos/src/port.o (SystemCoreClock)
C:\Users\Prototipado\Documents\LPCXpresso_7.6.2_326\Workspace\lpc_chip_175x_6x\Debug\liblpc_chip_175x_6x.a(clock_17xx_40xx.o)
                              C:\Users\Prototipado\Documents\LPCXpresso_7.6.2_326\Workspace\lpc_chip_175x_6x\Debug\liblpc_chip_175x_6x.a(chip_17xx_40xx.o) (Chip_Clock_EnablePLL)
C:\Users\Prototipado\Documents\LPCXpresso_7.6.2_326\Workspace\lpc_chip_175x_6x\Debug\liblpc_chip_175x_6x.a(iocon_17xx_40xx.o)
                              ./Board/src/Board.o (Chip_IOCON_PinMuxSet)
C:\Users\Prototipado\Documents\LPCXpresso_7.6.2_326\Workspace\lpc_chip_175x_6x\Debug\liblpc_chip_175x_6x.a(rtc_17xx_40xx.o)
                              ./Drivers/src/DSD.o (Chip_RTC_Init)
C:\Users\Prototipado\Documents\LPCXpresso_7.6.2_326\Workspace\lpc_chip_175x_6x\Debug\liblpc_chip_175x_6x.a(ssp_17xx_40xx.o)
[...]
Memory Configuration

Name             Origin             Length             Attributes
MFlash512        0x00000000         0x00080000         xr
RamLoc32         0x10000000         0x00008000         xrw
RamAHB32         0x2007c000         0x00008000         xrw
*default*        0x00000000         0xffffffff

Linker script and memory map

LOAD ./freertos/src/FreeRTOSCommonHooks.o
LOAD ./freertos/src/basic_io.o
LOAD ./freertos/src/consoleprint.o
LOAD ./freertos/src/heap_2.o
LOAD ./freertos/src/list.o
LOAD ./freertos/src/port.o
LOAD ./freertos/src/queue.o
LOAD ./freertos/src/tasks.o
LOAD ./Modules/src/Acquirer.o
LOAD ./Modules/src/Analyzer.o
LOAD ./Modules/src/Storer.o
LOAD ./Modules/src/Transceiver.o
LOAD ./Modules/src/UserIO.o
LOAD ./Drivers/src/Common.o
LOAD ./Drivers/src/DSD.o
LOAD ./Drivers/src/Display.o
LOAD ./Drivers/src/Keypad.o
LOAD ./Drivers/src/Modem.o
LOAD ./Drivers/src/Sensor.o
LOAD ./Data/src/Alarms.o
LOAD ./Data/src/Descriptors.o
LOAD ./Data/src/Environmental.o
LOAD ./Data/src/GPRS.o
LOAD ./Board/src/Board.o
LOAD ./Application/STGAA+RTOS.o
LOAD ./Application/cr_startup_lpc175x_6x.o
LOAD ./Application/crp.o
LOAD ./Application/sysinit.o
LOAD C:\Users\Prototipado\Documents\LPCXpresso_7.6.2_326\Workspace\LIB_GL865\Debug\libLIB_GL865.a
LOAD C:\Users\Prototipado\Documents\LPCXpresso_7.6.2_326\Workspace\Lib_FatFs_SD\Debug\libLib_FatFs_SD.a
LOAD C:\Users\Prototipado\Documents\LPCXpresso_7.6.2_326\Workspace\LIB_GLCDgui\Debug\libLIB_GLCDgui.a
LOAD C:\Users\Prototipado\Documents\LPCXpresso_7.6.2_326\Workspace\LIB_GLCDPrimitives\Debug\libLIB_GLCDPrimitives.a
LOAD C:\Users\Prototipado\Documents\LPCXpresso_7.6.2_326\Workspace\Lib_GLCDLowLevel\Debug\libLib_GLCDLowLevel.a
LOAD C:\Users\Prototipado\Documents\LPCXpresso_7.6.2_326\Workspace\lpc_chip_175x_6x\Debug\liblpc_chip_175x_6x.a
START GROUP
LOAD c:/nxp/lpcxpresso_7.6.2_326/lpcxpresso/tools/bin/../lib/gcc/arm-none-eabi/4.9.3/../../../../arm-none-eabi/lib/armv7-m\libcr_semihost.a
LOAD c:/nxp/lpcxpresso_7.6.2_326/lpcxpresso/tools/bin/../lib/gcc/arm-none-eabi/4.9.3/../../../../arm-none-eabi/lib/armv7-m\libcr_c.a
LOAD c:/nxp/lpcxpresso_7.6.2_326/lpcxpresso/tools/bin/../lib/gcc/arm-none-eabi/4.9.3/armv7-m\libcr_eabihelpers.a
END GROUP
                0x00080000                __top_MFlash512 = 0x80000
                0x10008000                __top_RamLoc32 = 0x10008000
                0x20084000                __top_RamAHB32 = 0x20084000

.text           0x00000000     0xd218
 FILL mask 0xff
                0x00000000                __vectors_start__ = ABSOLUTE (.)
 *(.isr_vector)
 .isr_vector    0x00000000       0xcc ./Application/cr_startup_lpc175x_6x.o
                0x00000000                g_pfnVectors
                0x000000cc                . = ALIGN (0x4)
                0x000000cc                __section_table_start = .
                0x000000cc                __data_section_table = .
                0x000000cc        0x4 LONG 0xd218 LOADADDR (.data)
                0x000000d0        0x4 LONG 0x10000000 ADDR (.data)
                0x000000d4        0x4 LONG 0x20 SIZEOF (.data)
                0x000000d8        0x4 LONG 0xd218 LOADADDR (.data_RAM2)
                0x000000dc        0x4 LONG 0x2007c000 ADDR (.data_RAM2)
                0x000000e0        0x4 LONG 0x0 SIZEOF (.data_RAM2)
                0x000000e4                __data_section_table_end = .
                0x000000e4                __bss_section_table = .
                0x000000e4        0x4 LONG 0x10000020 ADDR (.bss)
                0x000000e8        0x4 LONG 0x4a5c SIZEOF (.bss)
                0x000000ec        0x4 LONG 0x2007c000 ADDR (.bss_RAM2)
                0x000000f0        0x4 LONG 0x0 SIZEOF (.bss_RAM2)
                0x000000f4                __bss_section_table_end = .
                0x000000f4                __section_table_end = .
 *(.after_vectors*)
 .after_vectors
                0x000000f4      0x144 ./Application/cr_startup_lpc175x_6x.o
                0x000000f4                data_init
                0x00000138                bss_init
                0x00000170                ResetISR
                0x000001e8                NMI_Handler
                0x000001f0                HardFault_Handler
                0x000001f8                MemManage_Handler
                0x00000200                BusFault_Handler
                0x00000208                UsageFault_Handler
                0x00000218                DebugMon_Handler
                0x00000230                UART1_IRQHandler
                0x00000230                I2C1_IRQHandler
                0x00000230                TIMER3_IRQHandler
                0x00000230                UART0_IRQHandler
                0x00000230                USBActivity_IRQHandler
                0x00000230                CANActivity_IRQHandler
                0x00000230                EINT2_IRQHandler
                0x00000230                IntDefaultHandler
                0x00000230                PLL0_IRQHandler
                0x00000230                PLL1_IRQHandler
                0x00000230                I2C0_IRQHandler
                0x00000230                I2S_IRQHandler
                0x00000230                I2C2_IRQHandler
                0x00000230                RTC_IRQHandler
                0x00000230                TIMER0_IRQHandler
                0x00000230                SPI_IRQHandler
                0x00000230                RIT_IRQHandler
                0x00000230                EINT1_IRQHandler
                0x00000230                TIMER1_IRQHandler
                0x00000230                ADC_IRQHandler
                0x00000230                SSP1_IRQHandler
                0x00000230                USB_IRQHandler
                0x00000230                BOD_IRQHandler
                0x00000230                PWM1_IRQHandler
                0x00000230                WDT_IRQHandler
                0x00000230                QEI_IRQHandler
                0x00000230                EINT0_IRQHandler
                0x00000230                ETH_IRQHandler
                0x00000230                SSP0_IRQHandler
                0x00000230                DMA_IRQHandler
                0x00000230                TIMER2_IRQHandler
                0x00000230                UART3_IRQHandler
                0x00000230                MCPWM_IRQHandler
                0x000002fc                . = 0x2fc
 *fill*         0x00000238       0xc4 ff
                0x000002fc                PROVIDE (__CRP_WORD_START__, .)
 *(.crp)
 .crp           0x000002fc        0x4 ./Application/crp.o
                0x000002fc                CRP_WORD
                0x00000300                PROVIDE (__CRP_WORD_END__, .)
                0x00000001                ASSERT (! ((__CRP_WORD_START__ == __CRP_WORD_END__)), Linker CRP Enabled, but no CRP_WORD provided within application)
 *(.text*)
 .text.pvPortMalloc
                0x00000300      0x144 ./freertos/src/heap_2.o
                0x00000300                pvPortMalloc
 .text.vPortFree
                0x00000444       0x70 ./freertos/src/heap_2.o
                0x00000444                vPortFree
 .text.vListInitialise
                0x000004b4       0x40 ./freertos/src/list.o
                0x000004b4                vListInitialise
 .text.vListInitialiseItem
                0x000004f4       0x18 ./freertos/src/list.o
                0x000004f4                vListInitialiseItem
 .text.vListInsertEnd
                0x0000050c       0x48 ./freertos/src/list.o
                0x0000050c                vListInsertEnd
 .text.vListInsert
                0x00000554       0x70 ./freertos/src/list.o
                0x00000554                vListInsert
 .text.uxListRemove
                0x000005c4       0x54 ./freertos/src/list.o
                0x000005c4                uxListRemove
 .text.pxPortInitialiseStack
                0x00000618       0x58 ./freertos/src/port.o
                0x00000618                pxPortInitialiseStack
 .text.prvTaskExitError
                0x00000670        0xc ./freertos/src/port.o
 .text.SVC_Handler
                0x0000067c       0x20 ./freertos/src/port.o
                0x0000067c                SVC_Handler
 .text.prvPortStartFirstTask
                0x0000069c       0x14 ./freertos/src/port.o
 .text.xPortStartScheduler
                0x000006b0       0x38 ./freertos/src/port.o
                0x000006b0                xPortStartScheduler
 .text.vPortYield
                0x000006e8       0x20 ./freertos/src/port.o
                0x000006e8                vPortYield
 .text.vPortEnterCritical
                0x00000708       0x20 ./freertos/src/port.o
                0x00000708                vPortEnterCritical
 .text.vPortExitCritical
                0x00000728       0x24 ./freertos/src/port.o
                0x00000728                vPortExitCritical
 .text.ulPortSetInterruptMask
                0x0000074c       0x14 ./freertos/src/port.o
                0x0000074c                ulPortSetInterruptMask
 .text.vPortClearInterruptMask
                0x00000760        0x8 ./freertos/src/port.o
                0x00000760                vPortClearInterruptMask
 .text.PendSV_Handler
                0x00000768       0x3c ./freertos/src/port.o
                0x00000768                PendSV_Handler
 .text.SysTick_Handler
                0x000007a4       0x28 ./freertos/src/port.o
                0x000007a4                SysTick_Handler
 .text.vPortSuppressTicksAndSleep
                0x000007cc      0x158 ./freertos/src/port.o
                0x000007cc                vPortSuppressTicksAndSleep
 .text.vPortSetupTimerInterrupt
                0x00000924       0x78 ./freertos/src/port.o
                0x00000924                vPortSetupTimerInterrupt
 .text.xQueueGenericReset
                0x0000099c       0xa4 ./freertos/src/queue.o
                0x0000099c                xQueueGenericReset
 .text.xQueueGenericCreate
                0x00000a40       0x78 ./freertos/src/queue.o
                0x00000a40                xQueueGenericCreate
 .text.xQueueGenericSend
                0x00000ab8      0x118 ./freertos/src/queue.o
                0x00000ab8                xQueueGenericSend
 .text.xQueueGenericSendFromISR
                0x00000bd0       0x88 ./freertos/src/queue.o
                0x00000bd0                xQueueGenericSendFromISR
 .text.xQueueGenericReceive
                0x00000c58      0x170 ./freertos/src/queue.o
                0x00000c58                xQueueGenericReceive
 .text.prvCopyDataToQueue
                0x00000dc8       0xd0 ./freertos/src/queue.o
 .text.prvCopyDataFromQueue
                0x00000e98       0x4c ./freertos/src/queue.o
 .text.prvUnlockQueue
                0x00000ee4       0x98 ./freertos/src/queue.o
 .text.prvIsQueueEmpty
                0x00000f7c       0x2c ./freertos/src/queue.o
 .text.prvIsQueueFull
                0x00000fa8       0x30 ./freertos/src/queue.o
 .text.xTaskGenericCreate
                0x00000fd8      0x140 ./freertos/src/tasks.o
                0x00000fd8                xTaskGenericCreate
 .text.vTaskDelay
                0x00001118       0x50 ./freertos/src/tasks.o
                0x00001118                vTaskDelay
 .text.vTaskStartScheduler
                0x00001168       0x58 ./freertos/src/tasks.o
                0x00001168                vTaskStartScheduler
 .text.vTaskSuspendAll
                0x000011c0       0x1c ./freertos/src/tasks.o
                0x000011c0                vTaskSuspendAll
 .text.prvGetExpectedIdleTime
                0x000011dc       0x50 ./freertos/src/tasks.o
 .text.xTaskResumeAll
                0x0000122c       0xfc ./freertos/src/tasks.o
                0x0000122c                xTaskResumeAll
 .text.vTaskStepTick
                0x00001328       0x24 ./freertos/src/tasks.o
                0x00001328                vTaskStepTick
 .text.xTaskIncrementTick
                0x0000134c      0x18c ./freertos/src/tasks.o
                0x0000134c                xTaskIncrementTick
 .text.vTaskSwitchContext
                0x000014d8       0x98 ./freertos/src/tasks.o
                0x000014d8                vTaskSwitchContext
 .text.vTaskPlaceOnEventList
                0x00001570       0x60 ./freertos/src/tasks.o
                0x00001570                vTaskPlaceOnEventList
 .text.xTaskRemoveFromEventList
                0x000015d0       0xac ./freertos/src/tasks.o
                0x000015d0                xTaskRemoveFromEventList
 .text.vTaskSetTimeOutState
                0x0000167c       0x2c ./freertos/src/tasks.o
                0x0000167c                vTaskSetTimeOutState
 .text.xTaskCheckForTimeOut
                0x000016a8       0x88 ./freertos/src/tasks.o
                0x000016a8                xTaskCheckForTimeOut
 .text.vTaskMissedYield
                0x00001730       0x18 ./freertos/src/tasks.o
                0x00001730                vTaskMissedYield
 .text.prvIdleTask
                0x00001748       0x44 ./freertos/src/tasks.o
 .text.eTaskConfirmSleepModeStatus
                0x0000178c       0x5c ./freertos/src/tasks.o
                0x0000178c                eTaskConfirmSleepModeStatus
 .text.prvInitialiseTCBVariables
                0x000017e8       0x90 ./freertos/src/tasks.o
 .text.prvInitialiseTaskLists
                0x00001878       0x7c ./freertos/src/tasks.o
 .text.prvCheckTasksWaitingTermination
                0x000018f4       0x74 ./freertos/src/tasks.o
 .text.prvAddCurrentTaskToDelayedList
                0x00001968       0x6c ./freertos/src/tasks.o
 .text.prvAllocateTCBAndStack
                0x000019d4       0x64 ./freertos/src/tasks.o
 .text.prvDeleteTCB
                0x00001a38       0x20 ./freertos/src/tasks.o
 .text.xTaskGetCurrentTaskHandle
                0x00001a58       0x20 ./freertos/src/tasks.o
                0x00001a58                xTaskGetCurrentTaskHandle
 .text.vTaskPriorityInherit
                0x00001a78       0xb4 ./freertos/src/tasks.o
                0x00001a78                vTaskPriorityInherit
 .text.vTaskPriorityDisinherit
                0x00001b2c       0x7c ./freertos/src/tasks.o
                0x00001b2c                vTaskPriorityDisinherit
 .text.vAcquiringTask
                0x00001ba8       0x48 ./Modules/src/Acquirer.o
                0x00001ba8                vAcquiringTask
 .text.Evaluate_Ranges
                0x00001bf0      0x14c ./Modules/src/Analyzer.o
 .text.vMonitoringTask
                0x00001d3c       0x40 ./Modules/src/Analyzer.o
                0x00001d3c                vMonitoringTask
 .text.STR_InitDriver
                0x00001d7c       0x10 ./Modules/src/Storer.o
                0x00001d7c                STR_InitDriver
 .text.vDiskTickTask
                0x00001d8c       0x14 ./Modules/src/Storer.o
 .text.vStoringTask
                0x00001da0       0x78 ./Modules/src/Storer.o
                0x00001da0                vStoringTask
 .text.STR_WriteHead
                0x00001e18       0x64 ./Modules/src/Storer.o
                0x00001e18                STR_WriteHead
 .text.STR_WriteConfig
                0x00001e7c       0x60 ./Modules/src/Storer.o
                0x00001e7c                STR_WriteConfig
 .text.vModemTickTask
                0x00001edc       0x14 ./Modules/src/Transceiver.o
 .text.TRX_InitDriver
                0x00001ef0        0xc ./Modules/src/Transceiver.o
                0x00001ef0                TRX_InitDriver
 .text.vTransmittingTask
                0x00001efc       0x60 ./Modules/src/Transceiver.o
                0x00001efc                vTransmittingTask
 .text.vRefreshingTask
                0x00001f5c       0x18 ./Modules/src/UserIO.o
 .text.vKeyListenerTask
                0x00001f74      0x1f8 ./Modules/src/UserIO.o
 .text.UIO_InitDriver
                0x0000216c       0x10 ./Modules/src/UserIO.o
                0x0000216c                UIO_InitDriver
 .text.vScreeningTask
                0x0000217c       0x78 ./Modules/src/UserIO.o
                0x0000217c                vScreeningTask
 .text.COMM_CreateSemaphores
                0x000021f4       0xbc ./Drivers/src/Common.o
                0x000021f4                COMM_CreateSemaphores
 .text.DSD_TicksInput
                0x000022b0        0xc ./Drivers/src/DSD.o
                0x000022b0                DSD_TicksInput
 .text.DSD_RTC_Init
                0x000022bc       0x44 ./Drivers/src/DSD.o
                0x000022bc                DSD_RTC_Init
 .text.DSD_SD_Init
                0x00002300       0x80 ./Drivers/src/DSD.o
                0x00002300                DSD_SD_Init
 .text.DSD_OpenFile
                0x00002380       0x84 ./Drivers/src/DSD.o
                0x00002380                DSD_OpenFile
 .text.DSD_CloseFile
                0x00002404       0x40 ./Drivers/src/DSD.o
                0x00002404                DSD_CloseFile
 .text.DSD_WriteFile
                0x00002444       0x28 ./Drivers/src/DSD.o
                0x00002444                DSD_WriteFile
 .text.DSD_TimeStamp
                0x0000246c       0x68 ./Drivers/src/DSD.o
                0x0000246c                DSD_TimeStamp
 .text.DSP_CreateGUI
                0x000024d4      0x3b0 ./Drivers/src/Display.o
 .text.DSP_open
                0x00002884       0x28 ./Drivers/src/Display.o
                0x00002884                DSP_open
 .text.DSP_write
                0x000028ac      0x1d0 ./Drivers/src/Display.o
                0x000028ac                DSP_write
 .text.DSP_LoginSetValue
                0x00002a7c       0xec ./Drivers/src/Display.o
                0x00002a7c                DSP_LoginSetValue
 .text.DSP_LoginGetValue
                0x00002b68       0xa4 ./Drivers/src/Display.o
                0x00002b68                DSP_LoginGetValue
 .text.DSP_ChangeWindow
                0x00002c0c       0x18 ./Drivers/src/Display.o
                0x00002c0c                DSP_ChangeWindow
 .text.DSP_refresh
                0x00002c24       0x10 ./Drivers/src/Display.o
                0x00002c24                DSP_refresh
 .text.Chip_GPIO_SetPinState
                0x00002c34       0x68 ./Drivers/src/Keypad.o
 .text.Chip_GPIO_GetPinState
                0x00002c9c       0x3c ./Drivers/src/Keypad.o
 .text.Chip_GPIOINT_ClearIntStatus
                0x00002cd8       0x2c ./Drivers/src/Keypad.o
 .text.KEY_open
                0x00002d04       0x2c ./Drivers/src/Keypad.o
                0x00002d04                KEY_open
 .text.KEY_read
                0x00002d30       0xb8 ./Drivers/src/Keypad.o
                0x00002d30                KEY_read
 .text.Activate_Rows
                0x00002de8       0x30 ./Drivers/src/Keypad.o
 .text.Deactivate_Rows
                0x00002e18       0x30 ./Drivers/src/Keypad.o
 .text.digitalWrite
                0x00002e48       0x30 ./Drivers/src/Keypad.o
 .text.digitalRead
                0x00002e78       0x28 ./Drivers/src/Keypad.o
 .text.EINT3_IRQHandler
                0x00002ea0       0x48 ./Drivers/src/Keypad.o
                0x00002ea0                EINT3_IRQHandler
 .text.MOD_TicksInput
                0x00002ee8        0xc ./Drivers/src/Modem.o
                0x00002ee8                MOD_TicksInput
 .text.MOD_Open
                0x00002ef4       0x2c ./Drivers/src/Modem.o
                0x00002ef4                MOD_Open
 .text.MOD_GetSignal
                0x00002f20       0x1c ./Drivers/src/Modem.o
                0x00002f20                MOD_GetSignal
 .text.Chip_CAN_GetIntStatus
                0x00002f3c       0x18 ./Drivers/src/Sensor.o
 *fill*         0x00002f54        0x4 
 .text.SNS_DataUnwrap
                0x00002f58      0x1c8 ./Drivers/src/Sensor.o
 .text.SNS_DescriptorUnwrap
                0x00003120       0x44 ./Drivers/src/Sensor.o
 .text.CAN_IRQHandler
                0x00003164       0x5c ./Drivers/src/Sensor.o
                0x00003164                CAN_IRQHandler
 .text.vSnsHandlerTask
                0x000031c0       0xa8 ./Drivers/src/Sensor.o
                0x000031c0                vSnsHandlerTask
 .text.ALARM_SetAlarm
                0x00003268       0x54 ./Data/src/Alarms.o
                0x00003268                ALARM_SetAlarm
 .text.DSC_AddSensorToList
                0x000032bc       0xc4 ./Data/src/Descriptors.o
                0x000032bc                DSC_AddSensorToList
 .text.DSC_GetSensorListLength
                0x00003380       0x18 ./Data/src/Descriptors.o
                0x00003380                DSC_GetSensorListLength
 .text.ENV_SetEnvironmental
                0x00003398       0x80 ./Data/src/Environmental.o
                0x00003398                ENV_SetEnvironmental
 .text.ENV_GetEnvironmental
                0x00003418       0x80 ./Data/src/Environmental.o
                0x00003418                ENV_GetEnvironmental
 .text.GPRS_SetSignal
                0x00003498       0x58 ./Data/src/GPRS.o
                0x00003498                GPRS_SetSignal
 .text.GPRS_GetSignal
                0x000034f0       0x24 ./Data/src/GPRS.o
                0x000034f0                GPRS_GetSignal
 .text.NVIC_EnableIRQ
                0x00003514       0x30 ./Board/src/Board.o
 .text.NVIC_ClearPendingIRQ
                0x00003544       0x34 ./Board/src/Board.o
 .text.Chip_IOCON_Init
                0x00003578       0x14 ./Board/src/Board.o
 .text.Chip_CAN_EnableInt
                0x0000358c       0x20 ./Board/src/Board.o
 .text.Chip_CAN_SetAFMode
                0x000035ac       0x1c ./Board/src/Board.o
 .text.Chip_GPIO_Init
                0x000035c8       0x14 ./Board/src/Board.o
 .text.Chip_GPIO_SetPinDIROutput
                0x000035dc       0x38 ./Board/src/Board.o
 .text.Chip_GPIO_SetPinDIRInput
                0x00003614       0x3c ./Board/src/Board.o
 .text.Chip_GPIOINT_SetIntFalling
                0x00003650       0x2c ./Board/src/Board.o
 .text.Chip_SSP_Enable
                0x0000367c       0x20 ./Board/src/Board.o
 .text.Chip_UART_IntEnable
                0x0000369c       0x20 ./Board/src/Board.o
 .text.Chip_UART_ConfigData
                0x000036bc       0x1c ./Board/src/Board.o
 .text.Board_Init
                0x000036d8       0x30 ./Board/src/Board.o
                0x000036d8                Board_Init
 .text.Board_LCD_Init
                0x00003708       0x18 ./Board/src/Board.o
 .text.Board_Keypad_Init
                0x00003720       0x88 ./Board/src/Board.o
 .text.Board_SD_Init
                0x000037a8       0x5c ./Board/src/Board.o
 .text.Board_Modem_Init
                0x00003804       0x3c ./Board/src/Board.o
 .text.Board_CAN_PORT_Init
                0x00003840       0x48 ./Board/src/Board.o
 .text.Board_SSP_Init
                0x00003888       0xa0 ./Board/src/Board.o
 .text.Board_UART_Init
                0x00003928       0x98 ./Board/src/Board.o
 .text.Board_CAN_Init
                0x000039c0       0x40 ./Board/src/Board.o
 .text.prvSetupHardware
                0x00003a00        0xc ./Application/STGAA+RTOS.o
 .text.main     0x00003a0c       0xf8 ./Application/STGAA+RTOS.o
                0x00003a0c                main
 .text.SystemInit
                0x00003b04       0x24 ./Application/sysinit.o
                0x00003b04                SystemInit
 .text.Chip_UART_ReadByte
                0x00003b28       0x1c C:\Users\Prototipado\Documents\LPCXpresso_7.6.2_326\Workspace\LIB_GL865\Debug\libLIB_GL865.a(GL865.o)
 .text.AsciiToValue
                0x00003b44       0x34 C:\Users\Prototipado\Documents\LPCXpresso_7.6.2_326\Workspace\LIB_GL865\Debug\libLIB_GL865.a(GL865.o)
 .text.GL865_ClearBuff
                0x00003b78       0x3c C:\Users\Prototipado\Documents\LPCXpresso_7.6.2_326\Workspace\LIB_GL865\Debug\libLIB_GL865.a(GL865.o)
 .text.GL865_GetsTimeout
                0x00003bb4       0x7c C:\Users\Prototipado\Documents\LPCXpresso_7.6.2_326\Workspace\LIB_GL865\Debug\libLIB_GL865.a(GL865.o)
 .text.GL865_RequestModem
                0x00003c30       0x84 C:\Users\Prototipado\Documents\LPCXpresso_7.6.2_326\Workspace\LIB_GL865\Debug\libLIB_GL865.a(GL865.o)
 .text.GL865_Init
                0x00003cb4       0x50 C:\Users\Prototipado\Documents\LPCXpresso_7.6.2_326\Workspace\LIB_GL865\Debug\libLIB_GL865.a(GL865.o)
                0x00003cb4                GL865_Init
 .text.GL865_GetSignal
                0x00003d04       0x70 C:\Users\Prototipado\Documents\LPCXpresso_7.6.2_326\Workspace\LIB_GL865\Debug\libLIB_GL865.a(GL865.o)
                0x00003d04                GL865_GetSignal
 .text.GL865_SendData
                0x00003d74       0x2c C:\Users\Prototipado\Documents\LPCXpresso_7.6.2_326\Workspace\LIB_GL865\Debug\libLIB_GL865.a(GL865.o)
                0x00003d74                GL865_SendData
 .text.GL865_Timerproc
                0x00003da0       0x2c C:\Users\Prototipado\Documents\LPCXpresso_7.6.2_326\Workspace\LIB_GL865\Debug\libLIB_GL865.a(GL865.o)
                0x00003da0                GL865_Timerproc
 .text.UART2_IRQHandler
                0x00003dcc       0x4c C:\Users\Prototipado\Documents\LPCXpresso_7.6.2_326\Workspace\LIB_GL865\Debug\libLIB_GL865.a(GL865.o)
                0x00003dcc                UART2_IRQHandler
 .text.mem_cpy  0x00003e18       0x3c C:\Users\Prototipado\Documents\LPCXpresso_7.6.2_326\Workspace\Lib_FatFs_SD\Debug\libLib_FatFs_SD.a(ff.o)
 .text.mem_set  0x00003e54       0x34 C:\Users\Prototipado\Documents\LPCXpresso_7.6.2_326\Workspace\Lib_FatFs_SD\Debug\libLib_FatFs_SD.a(ff.o)
 .text.mem_cmp  0x00003e88       0x50 C:\Users\Prototipado\Documents\LPCXpresso_7.6.2_326\Workspace\Lib_FatFs_SD\Debug\libLib_FatFs_SD.a(ff.o)
 .text.chk_chr  0x00003ed8       0x38 C:\Users\Prototipado\Documents\LPCXpresso_7.6.2_326\Workspace\Lib_FatFs_SD\Debug\libLib_FatFs_SD.a(ff.o)
 .text.move_window
                0x00003f10       0xbc C:\Users\Prototipado\Documents\LPCXpresso_7.6.2_326\Workspace\Lib_FatFs_SD\Debug\libLib_FatFs_SD.a(ff.o)
 .text.sync     0x00003fcc      0x14c C:\Users\Prototipado\Documents\LPCXpresso_7.6.2_326\Workspace\Lib_FatFs_SD\Debug\libLib_FatFs_SD.a(ff.o)
 .text.get_fat  0x00004118      0x18c C:\Users\Prototipado\Documents\LPCXpresso_7.6.2_326\Workspace\Lib_FatFs_SD\Debug\libLib_FatFs_SD.a(ff.o)
                0x00004118                get_fat
 .text.put_fat  0x000042a4      0x208 C:\Users\Prototipado\Documents\LPCXpresso_7.6.2_326\Workspace\Lib_FatFs_SD\Debug\libLib_FatFs_SD.a(ff.o)
                0x000042a4                put_fat
 .text.remove_chain
                0x000044ac       0x9c C:\Users\Prototipado\Documents\LPCXpresso_7.6.2_326\Workspace\Lib_FatFs_SD\Debug\libLib_FatFs_SD.a(ff.o)
 .text.create_chain
                0x00004548      0x108 C:\Users\Prototipado\Documents\LPCXpresso_7.6.2_326\Workspace\Lib_FatFs_SD\Debug\libLib_FatFs_SD.a(ff.o)
 .text.clust2sect
                0x00004650       0x40 C:\Users\Prototipado\Documents\LPCXpresso_7.6.2_326\Workspace\Lib_FatFs_SD\Debug\libLib_FatFs_SD.a(ff.o)
                0x00004650                clust2sect
 .text.dir_seek
                0x00004690      0x104 C:\Users\Prototipado\Documents\LPCXpresso_7.6.2_326\Workspace\Lib_FatFs_SD\Debug\libLib_FatFs_SD.a(ff.o)
 .text.dir_next
                0x00004794      0x1a8 C:\Users\Prototipado\Documents\LPCXpresso_7.6.2_326\Workspace\Lib_FatFs_SD\Debug\libLib_FatFs_SD.a(ff.o)
 .text.dir_find
                0x0000493c       0x94 C:\Users\Prototipado\Documents\LPCXpresso_7.6.2_326\Workspace\Lib_FatFs_SD\Debug\libLib_FatFs_SD.a(ff.o)
 .text.dir_register
                0x000049d0       0xc0 C:\Users\Prototipado\Documents\LPCXpresso_7.6.2_326\Workspace\Lib_FatFs_SD\Debug\libLib_FatFs_SD.a(ff.o)
 .text.create_name
                0x00004a90      0x164 C:\Users\Prototipado\Documents\LPCXpresso_7.6.2_326\Workspace\Lib_FatFs_SD\Debug\libLib_FatFs_SD.a(ff.o)
 .text.follow_path
                0x00004bf4      0x100 C:\Users\Prototipado\Documents\LPCXpresso_7.6.2_326\Workspace\Lib_FatFs_SD\Debug\libLib_FatFs_SD.a(ff.o)
 .text.check_fs
                0x00004cf4       0xc0 C:\Users\Prototipado\Documents\LPCXpresso_7.6.2_326\Workspace\Lib_FatFs_SD\Debug\libLib_FatFs_SD.a(ff.o)
 .text.chk_mounted
                0x00004db4      0x47c C:\Users\Prototipado\Documents\LPCXpresso_7.6.2_326\Workspace\Lib_FatFs_SD\Debug\libLib_FatFs_SD.a(ff.o)
                0x00004db4                chk_mounted
 .text.validate
                0x00005230       0x4c C:\Users\Prototipado\Documents\LPCXpresso_7.6.2_326\Workspace\Lib_FatFs_SD\Debug\libLib_FatFs_SD.a(ff.o)
 .text.f_mount  0x0000527c       0x54 C:\Users\Prototipado\Documents\LPCXpresso_7.6.2_326\Workspace\Lib_FatFs_SD\Debug\libLib_FatFs_SD.a(ff.o)
                0x0000527c                f_mount
 .text.f_open   0x000052d0      0x2ec C:\Users\Prototipado\Documents\LPCXpresso_7.6.2_326\Workspace\Lib_FatFs_SD\Debug\libLib_FatFs_SD.a(ff.o)
                0x000052d0                f_open
 .text.f_write  0x000055bc      0x330 C:\Users\Prototipado\Documents\LPCXpresso_7.6.2_326\Workspace\Lib_FatFs_SD\Debug\libLib_FatFs_SD.a(ff.o)
                0x000055bc                f_write
 .text.f_sync   0x000058ec      0x144 C:\Users\Prototipado\Documents\LPCXpresso_7.6.2_326\Workspace\Lib_FatFs_SD\Debug\libLib_FatFs_SD.a(ff.o)
                0x000058ec                f_sync
 .text.f_close  0x00005a30       0x28 C:\Users\Prototipado\Documents\LPCXpresso_7.6.2_326\Workspace\Lib_FatFs_SD\Debug\libLib_FatFs_SD.a(ff.o)
                0x00005a30                f_close
 .text.f_putc   0x00005a58       0x54 C:\Users\Prototipado\Documents\LPCXpresso_7.6.2_326\Workspace\Lib_FatFs_SD\Debug\libLib_FatFs_SD.a(ff.o)
                0x00005a58                f_putc
 .text.f_puts   0x00005aac       0x48 C:\Users\Prototipado\Documents\LPCXpresso_7.6.2_326\Workspace\Lib_FatFs_SD\Debug\libLib_FatFs_SD.a(ff.o)
                0x00005aac                f_puts
 .text.f_printf
                0x00005af4      0x2b4 C:\Users\Prototipado\Documents\LPCXpresso_7.6.2_326\Workspace\Lib_FatFs_SD\Debug\libLib_FatFs_SD.a(ff.o)
                0x00005af4                f_printf
 .text.Chip_GPIO_SetPinState
                0x00005da8       0x68 C:\Users\Prototipado\Documents\LPCXpresso_7.6.2_326\Workspace\Lib_FatFs_SD\Debug\libLib_FatFs_SD.a(mmc.o)
 .text.Chip_GPIO_GetPinState
                0x00005e10       0x3c C:\Users\Prototipado\Documents\LPCXpresso_7.6.2_326\Workspace\Lib_FatFs_SD\Debug\libLib_FatFs_SD.a(mmc.o)
 .text.SSPSend  0x00005e4c       0x20 C:\Users\Prototipado\Documents\LPCXpresso_7.6.2_326\Workspace\Lib_FatFs_SD\Debug\libLib_FatFs_SD.a(mmc.o)
 .text.SSPReceive
                0x00005e6c       0x20 C:\Users\Prototipado\Documents\LPCXpresso_7.6.2_326\Workspace\Lib_FatFs_SD\Debug\libLib_FatFs_SD.a(mmc.o)
                0x00005e6c                SSPReceive
 .text.xmit_spi
                0x00005e8c       0x1c C:\Users\Prototipado\Documents\LPCXpresso_7.6.2_326\Workspace\Lib_FatFs_SD\Debug\libLib_FatFs_SD.a(mmc.o)
 .text.rcvr_spi
                0x00005ea8       0x20 C:\Users\Prototipado\Documents\LPCXpresso_7.6.2_326\Workspace\Lib_FatFs_SD\Debug\libLib_FatFs_SD.a(mmc.o)
 .text.wait_ready
                0x00005ec8       0x38 C:\Users\Prototipado\Documents\LPCXpresso_7.6.2_326\Workspace\Lib_FatFs_SD\Debug\libLib_FatFs_SD.a(mmc.o)
 .text.deselect
                0x00005f00       0x1c C:\Users\Prototipado\Documents\LPCXpresso_7.6.2_326\Workspace\Lib_FatFs_SD\Debug\libLib_FatFs_SD.a(mmc.o)
 .text.select   0x00005f1c       0x2c C:\Users\Prototipado\Documents\LPCXpresso_7.6.2_326\Workspace\Lib_FatFs_SD\Debug\libLib_FatFs_SD.a(mmc.o)
 .text.power_on
                0x00005f48        0xc C:\Users\Prototipado\Documents\LPCXpresso_7.6.2_326\Workspace\Lib_FatFs_SD\Debug\libLib_FatFs_SD.a(mmc.o)
 .text.power_off
                0x00005f54        0xc C:\Users\Prototipado\Documents\LPCXpresso_7.6.2_326\Workspace\Lib_FatFs_SD\Debug\libLib_FatFs_SD.a(mmc.o)
 .text.chk_power
                0x00005f60       0x10 C:\Users\Prototipado\Documents\LPCXpresso_7.6.2_326\Workspace\Lib_FatFs_SD\Debug\libLib_FatFs_SD.a(mmc.o)
 .text.rcvr_datablock
                0x00005f70       0x8c C:\Users\Prototipado\Documents\LPCXpresso_7.6.2_326\Workspace\Lib_FatFs_SD\Debug\libLib_FatFs_SD.a(mmc.o)
 .text.xmit_datablock
                0x00005ffc       0x80 C:\Users\Prototipado\Documents\LPCXpresso_7.6.2_326\Workspace\Lib_FatFs_SD\Debug\libLib_FatFs_SD.a(mmc.o)
 .text.send_cmd
                0x0000607c       0xd0 C:\Users\Prototipado\Documents\LPCXpresso_7.6.2_326\Workspace\Lib_FatFs_SD\Debug\libLib_FatFs_SD.a(mmc.o)
 .text.disk_initialize
                0x0000614c      0x1a8 C:\Users\Prototipado\Documents\LPCXpresso_7.6.2_326\Workspace\Lib_FatFs_SD\Debug\libLib_FatFs_SD.a(mmc.o)
                0x0000614c                disk_initialize
 .text.disk_status
                0x000062f4       0x2c C:\Users\Prototipado\Documents\LPCXpresso_7.6.2_326\Workspace\Lib_FatFs_SD\Debug\libLib_FatFs_SD.a(mmc.o)
                0x000062f4                disk_status
 .text.disk_read
                0x00006320       0xd0 C:\Users\Prototipado\Documents\LPCXpresso_7.6.2_326\Workspace\Lib_FatFs_SD\Debug\libLib_FatFs_SD.a(mmc.o)
                0x00006320                disk_read
 .text.disk_write
                0x000063f0       0xfc C:\Users\Prototipado\Documents\LPCXpresso_7.6.2_326\Workspace\Lib_FatFs_SD\Debug\libLib_FatFs_SD.a(mmc.o)
                0x000063f0                disk_write
 .text.disk_ioctl
                0x000064ec      0x384 C:\Users\Prototipado\Documents\LPCXpresso_7.6.2_326\Workspace\Lib_FatFs_SD\Debug\libLib_FatFs_SD.a(mmc.o)
                0x000064ec                disk_ioctl
 .text.disk_timerproc
                0x00006870       0xa0 C:\Users\Prototipado\Documents\LPCXpresso_7.6.2_326\Workspace\Lib_FatFs_SD\Debug\libLib_FatFs_SD.a(mmc.o)
                0x00006870                disk_timerproc
 .text.get_fattime
                0x00006910       0x10 C:\Users\Prototipado\Documents\LPCXpresso_7.6.2_326\Workspace\Lib_FatFs_SD\Debug\libLib_FatFs_SD.a(FatFS_support.o)
                0x00006910                get_fattime
 .text.GUI_StartLibrary
                0x00006920       0x20 C:\Users\Prototipado\Documents\LPCXpresso_7.6.2_326\Workspace\LIB_GLCDgui\Debug\libLIB_GLCDgui.a(GLCDgui.o)
                0x00006920                GUI_StartLibrary
 .text.GUI_DefineHeapMalloc
                0x00006940       0x1c C:\Users\Prototipado\Documents\LPCXpresso_7.6.2_326\Workspace\LIB_GLCDgui\Debug\libLIB_GLCDgui.a(GLCDgui.o)
                0x00006940                GUI_DefineHeapMalloc
 .text.GUI_DefineHeapFree
                0x0000695c       0x1c C:\Users\Prototipado\Documents\LPCXpresso_7.6.2_326\Workspace\LIB_GLCDgui\Debug\libLIB_GLCDgui.a(GLCDgui.o)
                0x0000695c                GUI_DefineHeapFree
 .text.GUI_Malloc
                0x00006978       0x20 C:\Users\Prototipado\Documents\LPCXpresso_7.6.2_326\Workspace\LIB_GLCDgui\Debug\libLIB_GLCDgui.a(GLCDgui.o)
                0x00006978                GUI_Malloc
 .text.List_Init
                0x00006998       0x24 C:\Users\Prototipado\Documents\LPCXpresso_7.6.2_326\Workspace\LIB_GLCDgui\Debug\libLIB_GLCDgui.a(list.o)
                0x00006998                List_Init
 .text.List_AddNode
                0x000069bc       0x6c C:\Users\Prototipado\Documents\LPCXpresso_7.6.2_326\Workspace\LIB_GLCDgui\Debug\libLIB_GLCDgui.a(list.o)
                0x000069bc                List_AddNode
 .text.List_SearchNode
                0x00006a28       0x3c C:\Users\Prototipado\Documents\LPCXpresso_7.6.2_326\Workspace\LIB_GLCDgui\Debug\libLIB_GLCDgui.a(list.o)
                0x00006a28                List_SearchNode
 .text.GUI_Picture_Create
                0x00006a64       0xc8 C:\Users\Prototipado\Documents\LPCXpresso_7.6.2_326\Workspace\LIB_GLCDgui\Debug\libLIB_GLCDgui.a(picture.o)
                0x00006a64                GUI_Picture_Create
 .text.GUI_Picture_Draw
                0x00006b2c       0x28 C:\Users\Prototipado\Documents\LPCXpresso_7.6.2_326\Workspace\LIB_GLCDgui\Debug\libLIB_GLCDgui.a(picture.o)
                0x00006b2c                GUI_Picture_Draw
 .text.GUI_Text_Create
                0x00006b54       0xe0 C:\Users\Prototipado\Documents\LPCXpresso_7.6.2_326\Workspace\LIB_GLCDgui\Debug\libLIB_GLCDgui.a(text.o)
                0x00006b54                GUI_Text_Create
 .text.GUI_Text_Draw
                0x00006c34       0x3c C:\Users\Prototipado\Documents\LPCXpresso_7.6.2_326\Workspace\LIB_GLCDgui\Debug\libLIB_GLCDgui.a(text.o)
                0x00006c34                GUI_Text_Draw
 .text.GUI_Window_Create
                0x00006c70       0x9c C:\Users\Prototipado\Documents\LPCXpresso_7.6.2_326\Workspace\LIB_GLCDgui\Debug\libLIB_GLCDgui.a(windows.o)
                0x00006c70                GUI_Window_Create
 .text.GUI_Window_Draw
                0x00006d0c      0x188 C:\Users\Prototipado\Documents\LPCXpresso_7.6.2_326\Workspace\LIB_GLCDgui\Debug\libLIB_GLCDgui.a(windows.o)
                0x00006d0c                GUI_Window_Draw
 .text.GUI_Window_RedrowActiveWindow
                0x00006e94       0x18 C:\Users\Prototipado\Documents\LPCXpresso_7.6.2_326\Workspace\LIB_GLCDgui\Debug\libLIB_GLCDgui.a(windows.o)
                0x00006e94                GUI_Window_RedrowActiveWindow
 .text.GUI_Window_SearchObject
                0x00006eac       0x7c C:\Users\Prototipado\Documents\LPCXpresso_7.6.2_326\Workspace\LIB_GLCDgui\Debug\libLIB_GLCDgui.a(windows.o)
                0x00006eac                GUI_Window_SearchObject
 .text.GUI_DrawObject
                0x00006f28       0x64 C:\Users\Prototipado\Documents\LPCXpresso_7.6.2_326\Workspace\LIB_GLCDgui\Debug\libLIB_GLCDgui.a(object.o)
                0x00006f28                GUI_DrawObject
 .text.GUI_TextSlider_Draw
                0x00006f8c       0xb0 C:\Users\Prototipado\Documents\LPCXpresso_7.6.2_326\Workspace\LIB_GLCDgui\Debug\libLIB_GLCDgui.a(textSlider.o)
                0x00006f8c                GUI_TextSlider_Draw
 .text.GUI_Button_Draw
                0x0000703c       0xac C:\Users\Prototipado\Documents\LPCXpresso_7.6.2_326\Workspace\LIB_GLCDgui\Debug\libLIB_GLCDgui.a(button.o)
                0x0000703c                GUI_Button_Draw
 .text.FontRead
                0x000070e8       0x18 C:\Users\Prototipado\Documents\LPCXpresso_7.6.2_326\Workspace\LIB_GLCDPrimitives\Debug\libLIB_GLCDPrimitives.a(GLCDFonts.o)
                0x000070e8                FontRead
 .text.GLCD_SelectFont
                0x00007100       0x2c C:\Users\Prototipado\Documents\LPCXpresso_7.6.2_326\Workspace\LIB_GLCDPrimitives\Debug\libLIB_GLCDPrimitives.a(GLCDFonts.o)
                0x00007100                GLCD_SelectFont
 .text.GLCD_FreePuts
                0x0000712c       0x74 C:\Users\Prototipado\Documents\LPCXpresso_7.6.2_326\Workspace\LIB_GLCDPrimitives\Debug\libLIB_GLCDPrimitives.a(GLCDFonts.o)
                0x0000712c                GLCD_FreePuts
 .text.GLCD_FreePutChar
                0x000071a0      0x464 C:\Users\Prototipado\Documents\LPCXpresso_7.6.2_326\Workspace\LIB_GLCDPrimitives\Debug\libLIB_GLCDPrimitives.a(GLCDFonts.o)
                0x000071a0                GLCD_FreePutChar
 .text.GLCD_CursorFreeTo
                0x00007604       0x2c C:\Users\Prototipado\Documents\LPCXpresso_7.6.2_326\Workspace\LIB_GLCDPrimitives\Debug\libLIB_GLCDPrimitives.a(GLCDFonts.o)
                0x00007604                GLCD_CursorFreeTo
 .text.SetPage  0x00007630       0x40 C:\Users\Prototipado\Documents\LPCXpresso_7.6.2_326\Workspace\LIB_GLCDPrimitives\Debug\libLIB_GLCDPrimitives.a(GLCDPrimitives.o)
                0x00007630                SetPage
 .text.GLCDPrimitives_ClearScreen
                0x00007670       0x5c C:\Users\Prototipado\Documents\LPCXpresso_7.6.2_326\Workspace\LIB_GLCDPrimitives\Debug\libLIB_GLCDPrimitives.a(GLCDPrimitives.o)
                0x00007670                GLCDPrimitives_ClearScreen
 .text.GLCDPrimitives_DrawBitmap
                0x000076cc       0xb8 C:\Users\Prototipado\Documents\LPCXpresso_7.6.2_326\Workspace\LIB_GLCDPrimitives\Debug\libLIB_GLCDPrimitives.a(GLCDPrimitives.o)
                0x000076cc                GLCDPrimitives_DrawBitmap
 .text.GLCDPrimitives_DrawLine
                0x00007784      0x304 C:\Users\Prototipado\Documents\LPCXpresso_7.6.2_326\Workspace\LIB_GLCDPrimitives\Debug\libLIB_GLCDPrimitives.a(GLCDPrimitives.o)
                0x00007784                GLCDPrimitives_DrawLine
 .text.GLCDPrimitives_FillRect
                0x00007a88      0x208 C:\Users\Prototipado\Documents\LPCXpresso_7.6.2_326\Workspace\LIB_GLCDPrimitives\Debug\libLIB_GLCDPrimitives.a(GLCDPrimitives.o)
                0x00007a88                GLCDPrimitives_FillRect
 .text.SendData
                0x00007c90       0xb4 C:\Users\Prototipado\Documents\LPCXpresso_7.6.2_326\Workspace\Lib_GLCDLowLevel\Debug\libLib_GLCDLowLevel.a(GLCDLowLevel.o)
 .text.GLCDLowLevel_Init
                0x00007d44       0xa4 C:\Users\Prototipado\Documents\LPCXpresso_7.6.2_326\Workspace\Lib_GLCDLowLevel\Debug\libLib_GLCDLowLevel.a(GLCDLowLevel.o)
                0x00007d44                GLCDLowLevel_Init
 .text.GLCDLowLevel_SwapBuffer
                0x00007de8       0xa0 C:\Users\Prototipado\Documents\LPCXpresso_7.6.2_326\Workspace\Lib_GLCDLowLevel\Debug\libLib_GLCDLowLevel.a(GLCDLowLevel.o)
                0x00007de8                GLCDLowLevel_SwapBuffer
 .text.Chip_GPIO_SetPinState
                0x00007e88       0x68 C:\Users\Prototipado\Documents\LPCXpresso_7.6.2_326\Workspace\Lib_GLCDLowLevel\Debug\libLib_GLCDLowLevel.a(MicroInterface.o)
 .text.Chip_GPIO_SetPinDIROutput
                0x00007ef0       0x38 C:\Users\Prototipado\Documents\LPCXpresso_7.6.2_326\Workspace\Lib_GLCDLowLevel\Debug\libLib_GLCDLowLevel.a(MicroInterface.o)
 .text.Chip_GPIO_SetPortOutHigh
                0x00007f28       0x24 C:\Users\Prototipado\Documents\LPCXpresso_7.6.2_326\Workspace\Lib_GLCDLowLevel\Debug\libLib_GLCDLowLevel.a(MicroInterface.o)
 .text.Chip_GPIO_SetPortOutLow
                0x00007f4c       0x24 C:\Users\Prototipado\Documents\LPCXpresso_7.6.2_326\Workspace\Lib_GLCDLowLevel\Debug\libLib_GLCDLowLevel.a(MicroInterface.o)
 .text.MicroInterface_Init
                0x00007f70       0x8c C:\Users\Prototipado\Documents\LPCXpresso_7.6.2_326\Workspace\Lib_GLCDLowLevel\Debug\libLib_GLCDLowLevel.a(MicroInterface.o)
                0x00007f70                MicroInterface_Init
 .text.MicroInterface_Bit_WriteLow
                0x00007ffc       0x2c C:\Users\Prototipado\Documents\LPCXpresso_7.6.2_326\Workspace\Lib_GLCDLowLevel\Debug\libLib_GLCDLowLevel.a(MicroInterface.o)
                0x00007ffc                MicroInterface_Bit_WriteLow
 .text.MicroInterface_Bit_WriteHigh
                0x00008028       0x2c C:\Users\Prototipado\Documents\LPCXpresso_7.6.2_326\Workspace\Lib_GLCDLowLevel\Debug\libLib_GLCDLowLevel.a(MicroInterface.o)
                0x00008028                MicroInterface_Bit_WriteHigh
 .text.MicroInterface_Byte_WriteData
                0x00008054       0x3c C:\Users\Prototipado\Documents\LPCXpresso_7.6.2_326\Workspace\Lib_GLCDLowLevel\Debug\libLib_GLCDLowLevel.a(MicroInterface.o)
                0x00008054                MicroInterface_Byte_WriteData
 .text.Chip_CAN_SetCmd
                0x00008090       0x1c C:\Users\Prototipado\Documents\LPCXpresso_7.6.2_326\Workspace\lpc_chip_175x_6x\Debug\liblpc_chip_175x_6x.a(can_17xx_40xx.o)
 .text.Chip_CAN_SetAFMode
                0x000080ac       0x1c C:\Users\Prototipado\Documents\LPCXpresso_7.6.2_326\Workspace\lpc_chip_175x_6x\Debug\liblpc_chip_175x_6x.a(can_17xx_40xx.o)
 .text.Chip_CAN_GetAFMode
                0x000080c8       0x1c C:\Users\Prototipado\Documents\LPCXpresso_7.6.2_326\Workspace\lpc_chip_175x_6x\Debug\liblpc_chip_175x_6x.a(can_17xx_40xx.o)
 .text.setBusTiming
                0x000080e4       0x68 C:\Users\Prototipado\Documents\LPCXpresso_7.6.2_326\Workspace\lpc_chip_175x_6x\Debug\liblpc_chip_175x_6x.a(can_17xx_40xx.o)
 .text.setSectionEndAddress
                0x0000814c       0x30 C:\Users\Prototipado\Documents\LPCXpresso_7.6.2_326\Workspace\lpc_chip_175x_6x\Debug\liblpc_chip_175x_6x.a(can_17xx_40xx.o)
 .text.getReceiveFrameInfo
                0x0000817c       0x34 C:\Users\Prototipado\Documents\LPCXpresso_7.6.2_326\Workspace\lpc_chip_175x_6x\Debug\liblpc_chip_175x_6x.a(can_17xx_40xx.o)
 .text.clearAFLUT
                0x000081b0       0x80 C:\Users\Prototipado\Documents\LPCXpresso_7.6.2_326\Workspace\lpc_chip_175x_6x\Debug\liblpc_chip_175x_6x.a(can_17xx_40xx.o)
                0x000081b0                clearAFLUT
 .text.Chip_CAN_GetClockIndex
                0x00008230       0x2c C:\Users\Prototipado\Documents\LPCXpresso_7.6.2_326\Workspace\lpc_chip_175x_6x\Debug\liblpc_chip_175x_6x.a(can_17xx_40xx.o)
 .text.Chip_CAN_GetClkIndex
                0x0000825c       0x2c C:\Users\Prototipado\Documents\LPCXpresso_7.6.2_326\Workspace\lpc_chip_175x_6x\Debug\liblpc_chip_175x_6x.a(can_17xx_40xx.o)
 .text.Chip_CAN_Init
                0x00008288       0x5c C:\Users\Prototipado\Documents\LPCXpresso_7.6.2_326\Workspace\lpc_chip_175x_6x\Debug\liblpc_chip_175x_6x.a(can_17xx_40xx.o)
                0x00008288                Chip_CAN_Init
 .text.Chip_CAN_SetBitRate
                0x000082e4       0xd0 C:\Users\Prototipado\Documents\LPCXpresso_7.6.2_326\Workspace\lpc_chip_175x_6x\Debug\liblpc_chip_175x_6x.a(can_17xx_40xx.o)
                0x000082e4                Chip_CAN_SetBitRate
 .text.Chip_CAN_SetMode
                0x000083b4       0x94 C:\Users\Prototipado\Documents\LPCXpresso_7.6.2_326\Workspace\lpc_chip_175x_6x\Debug\liblpc_chip_175x_6x.a(can_17xx_40xx.o)
                0x000083b4                Chip_CAN_SetMode
 .text.Chip_CAN_Receive
                0x00008448       0xe4 C:\Users\Prototipado\Documents\LPCXpresso_7.6.2_326\Workspace\lpc_chip_175x_6x\Debug\liblpc_chip_175x_6x.a(can_17xx_40xx.o)
                0x00008448                Chip_CAN_Receive
 .text.SystemCoreClockUpdate
                0x0000852c       0x14 C:\Users\Prototipado\Documents\LPCXpresso_7.6.2_326\Workspace\lpc_chip_175x_6x\Debug\liblpc_chip_175x_6x.a(chip_17xx_40xx.o)
                0x0000852c                SystemCoreClockUpdate
 .text.Chip_Clock_IsMainPLLEnabled
                0x00008540       0x28 C:\Users\Prototipado\Documents\LPCXpresso_7.6.2_326\Workspace\lpc_chip_175x_6x\Debug\liblpc_chip_175x_6x.a(clock_17xx_40xx.o)
 .text.Chip_Clock_IsMainPLLConnected
                0x00008568       0x28 C:\Users\Prototipado\Documents\LPCXpresso_7.6.2_326\Workspace\lpc_chip_175x_6x\Debug\liblpc_chip_175x_6x.a(clock_17xx_40xx.o)
 .text.Chip_Clock_FeedPLL
                0x00008590       0x34 C:\Users\Prototipado\Documents\LPCXpresso_7.6.2_326\Workspace\lpc_chip_175x_6x\Debug\liblpc_chip_175x_6x.a(clock_17xx_40xx.o)
 .text.Chip_Clock_GetMainPLLSource
                0x000085c4       0x20 C:\Users\Prototipado\Documents\LPCXpresso_7.6.2_326\Workspace\lpc_chip_175x_6x\Debug\liblpc_chip_175x_6x.a(clock_17xx_40xx.o)
 .text.Chip_Clock_GetMainOscRate
                0x000085e4       0x18 C:\Users\Prototipado\Documents\LPCXpresso_7.6.2_326\Workspace\lpc_chip_175x_6x\Debug\liblpc_chip_175x_6x.a(clock_17xx_40xx.o)
 .text.Chip_Clock_GetIntOscRate
                0x000085fc       0x14 C:\Users\Prototipado\Documents\LPCXpresso_7.6.2_326\Workspace\lpc_chip_175x_6x\Debug\liblpc_chip_175x_6x.a(clock_17xx_40xx.o)
 .text.Chip_Clock_GetRTCOscRate
                0x00008610       0x18 C:\Users\Prototipado\Documents\LPCXpresso_7.6.2_326\Workspace\lpc_chip_175x_6x\Debug\liblpc_chip_175x_6x.a(clock_17xx_40xx.o)
 .text.Chip_Clock_GetMainPLLInClockRate
                0x00008628       0x10 C:\Users\Prototipado\Documents\LPCXpresso_7.6.2_326\Workspace\lpc_chip_175x_6x\Debug\liblpc_chip_175x_6x.a(clock_17xx_40xx.o)
 .text.Chip_Clock_EnablePLL
                0x00008638       0x44 C:\Users\Prototipado\Documents\LPCXpresso_7.6.2_326\Workspace\lpc_chip_175x_6x\Debug\liblpc_chip_175x_6x.a(clock_17xx_40xx.o)
                0x00008638                Chip_Clock_EnablePLL
 .text.Chip_Clock_DisablePLL
                0x0000867c       0x44 C:\Users\Prototipado\Documents\LPCXpresso_7.6.2_326\Workspace\lpc_chip_175x_6x\Debug\liblpc_chip_175x_6x.a(clock_17xx_40xx.o)
                0x0000867c                Chip_Clock_DisablePLL
 .text.Chip_Clock_SetupPLL
                0x000086c0       0x58 C:\Users\Prototipado\Documents\LPCXpresso_7.6.2_326\Workspace\lpc_chip_175x_6x\Debug\liblpc_chip_175x_6x.a(clock_17xx_40xx.o)
                0x000086c0                Chip_Clock_SetupPLL
 .text.Chip_Clock_EnablePeriphClock
                0x00008718       0x34 C:\Users\Prototipado\Documents\LPCXpresso_7.6.2_326\Workspace\lpc_chip_175x_6x\Debug\liblpc_chip_175x_6x.a(clock_17xx_40xx.o)
                0x00008718                Chip_Clock_EnablePeriphClock
 .text.Chip_Clock_GetCPUClockSource
                0x0000874c       0x24 C:\Users\Prototipado\Documents\LPCXpresso_7.6.2_326\Workspace\lpc_chip_175x_6x\Debug\liblpc_chip_175x_6x.a(clock_17xx_40xx.o)
                0x0000874c                Chip_Clock_GetCPUClockSource
 .text.Chip_Clock_SetCPUClockDiv
                0x00008770       0x20 C:\Users\Prototipado\Documents\LPCXpresso_7.6.2_326\Workspace\lpc_chip_175x_6x\Debug\liblpc_chip_175x_6x.a(clock_17xx_40xx.o)
                0x00008770                Chip_Clock_SetCPUClockDiv
 .text.Chip_Clock_GetCPUClockDiv
                0x00008790       0x1c C:\Users\Prototipado\Documents\LPCXpresso_7.6.2_326\Workspace\lpc_chip_175x_6x\Debug\liblpc_chip_175x_6x.a(clock_17xx_40xx.o)
                0x00008790                Chip_Clock_GetCPUClockDiv
 .text.Chip_Clock_GetPCLKDiv
                0x000087ac       0x90 C:\Users\Prototipado\Documents\LPCXpresso_7.6.2_326\Workspace\lpc_chip_175x_6x\Debug\liblpc_chip_175x_6x.a(clock_17xx_40xx.o)
                0x000087ac                Chip_Clock_GetPCLKDiv
 .text.Chip_Clock_GetSYSCLKRate
                0x0000883c       0x34 C:\Users\Prototipado\Documents\LPCXpresso_7.6.2_326\Workspace\lpc_chip_175x_6x\Debug\liblpc_chip_175x_6x.a(clock_17xx_40xx.o)
                0x0000883c                Chip_Clock_GetSYSCLKRate
 .text.Chip_Clock_GetMainPLLOutClockRate
                0x00008870       0x54 C:\Users\Prototipado\Documents\LPCXpresso_7.6.2_326\Workspace\lpc_chip_175x_6x\Debug\liblpc_chip_175x_6x.a(clock_17xx_40xx.o)
                0x00008870                Chip_Clock_GetMainPLLOutClockRate
 .text.Chip_Clock_GetMainClockRate
                0x000088c4       0x28 C:\Users\Prototipado\Documents\LPCXpresso_7.6.2_326\Workspace\lpc_chip_175x_6x\Debug\liblpc_chip_175x_6x.a(clock_17xx_40xx.o)
                0x000088c4                Chip_Clock_GetMainClockRate
 .text.Chip_Clock_GetSystemClockRate
                0x000088ec       0x18 C:\Users\Prototipado\Documents\LPCXpresso_7.6.2_326\Workspace\lpc_chip_175x_6x\Debug\liblpc_chip_175x_6x.a(clock_17xx_40xx.o)
                0x000088ec                Chip_Clock_GetSystemClockRate
 .text.Chip_Clock_GetPeripheralClockRate
                0x00008904       0x28 C:\Users\Prototipado\Documents\LPCXpresso_7.6.2_326\Workspace\lpc_chip_175x_6x\Debug\liblpc_chip_175x_6x.a(clock_17xx_40xx.o)
                0x00008904                Chip_Clock_GetPeripheralClockRate
 .text.Chip_IOCON_PinMuxSet
                0x0000892c       0x34 C:\Users\Prototipado\Documents\LPCXpresso_7.6.2_326\Workspace\lpc_chip_175x_6x\Debug\liblpc_chip_175x_6x.a(iocon_17xx_40xx.o)
                0x0000892c                Chip_IOCON_PinMuxSet
 .text.Chip_IOCON_PinMux
                0x00008960       0x94 C:\Users\Prototipado\Documents\LPCXpresso_7.6.2_326\Workspace\lpc_chip_175x_6x\Debug\liblpc_chip_175x_6x.a(iocon_17xx_40xx.o)
                0x00008960                Chip_IOCON_PinMux
 .text.Chip_IOCON_SetPinMuxing
                0x000089f4       0x60 C:\Users\Prototipado\Documents\LPCXpresso_7.6.2_326\Workspace\lpc_chip_175x_6x\Debug\liblpc_chip_175x_6x.a(iocon_17xx_40xx.o)
                0x000089f4                Chip_IOCON_SetPinMuxing
 .text.Chip_RTC_Init
                0x00008a54       0x4c C:\Users\Prototipado\Documents\LPCXpresso_7.6.2_326\Workspace\lpc_chip_175x_6x\Debug\liblpc_chip_175x_6x.a(rtc_17xx_40xx.o)
                0x00008a54                Chip_RTC_Init
 .text.Chip_RTC_ResetClockTickCounter
                0x00008aa0       0x44 C:\Users\Prototipado\Documents\LPCXpresso_7.6.2_326\Workspace\lpc_chip_175x_6x\Debug\liblpc_chip_175x_6x.a(rtc_17xx_40xx.o)
                0x00008aa0                Chip_RTC_ResetClockTickCounter
 .text.Chip_RTC_Enable
                0x00008ae4       0x44 C:\Users\Prototipado\Documents\LPCXpresso_7.6.2_326\Workspace\lpc_chip_175x_6x\Debug\liblpc_chip_175x_6x.a(rtc_17xx_40xx.o)
                0x00008ae4                Chip_RTC_Enable
 .text.Chip_RTC_SetFullTime
                0x00008b28       0x58 C:\Users\Prototipado\Documents\LPCXpresso_7.6.2_326\Workspace\lpc_chip_175x_6x\Debug\liblpc_chip_175x_6x.a(rtc_17xx_40xx.o)
                0x00008b28                Chip_RTC_SetFullTime
 .text.Chip_RTC_GetFullTime
                0x00008b80       0x58 C:\Users\Prototipado\Documents\LPCXpresso_7.6.2_326\Workspace\lpc_chip_175x_6x\Debug\liblpc_chip_175x_6x.a(rtc_17xx_40xx.o)
                0x00008b80                Chip_RTC_GetFullTime
 .text.Chip_RTC_CalibCounterCmd
                0x00008bd8       0x44 C:\Users\Prototipado\Documents\LPCXpresso_7.6.2_326\Workspace\lpc_chip_175x_6x\Debug\liblpc_chip_175x_6x.a(rtc_17xx_40xx.o)
                0x00008bd8                Chip_RTC_CalibCounterCmd
 .text.Chip_SSP_GetStatus
                0x00008c1c       0x2c C:\Users\Prototipado\Documents\LPCXpresso_7.6.2_326\Workspace\lpc_chip_175x_6x\Debug\liblpc_chip_175x_6x.a(ssp_17xx_40xx.o)
 .text.Chip_SSP_GetRawIntStatus
                0x00008c48       0x2c C:\Users\Prototipado\Documents\LPCXpresso_7.6.2_326\Workspace\lpc_chip_175x_6x\Debug\liblpc_chip_175x_6x.a(ssp_17xx_40xx.o)
 .text.Chip_SSP_GetDataSize
                0x00008c74       0x20 C:\Users\Prototipado\Documents\LPCXpresso_7.6.2_326\Workspace\lpc_chip_175x_6x\Debug\liblpc_chip_175x_6x.a(ssp_17xx_40xx.o)
 .text.Chip_SSP_ClearIntPending
                0x00008c94       0x1c C:\Users\Prototipado\Documents\LPCXpresso_7.6.2_326\Workspace\lpc_chip_175x_6x\Debug\liblpc_chip_175x_6x.a(ssp_17xx_40xx.o)
 .text.Chip_SSP_ReceiveFrame
                0x00008cb0       0x1c C:\Users\Prototipado\Documents\LPCXpresso_7.6.2_326\Workspace\lpc_chip_175x_6x\Debug\liblpc_chip_175x_6x.a(ssp_17xx_40xx.o)
 .text.Chip_SSP_SendFrame
                0x00008ccc       0x1c C:\Users\Prototipado\Documents\LPCXpresso_7.6.2_326\Workspace\lpc_chip_175x_6x\Debug\liblpc_chip_175x_6x.a(ssp_17xx_40xx.o)
 .text.Chip_SSP_SetFormat
                0x00008ce8       0x30 C:\Users\Prototipado\Documents\LPCXpresso_7.6.2_326\Workspace\lpc_chip_175x_6x\Debug\liblpc_chip_175x_6x.a(ssp_17xx_40xx.o)
 .text.Chip_SSP_Set_Mode
                0x00008d18       0x24 C:\Users\Prototipado\Documents\LPCXpresso_7.6.2_326\Workspace\lpc_chip_175x_6x\Debug\liblpc_chip_175x_6x.a(ssp_17xx_40xx.o)
 .text.Chip_SSP_GetClockIndex
                0x00008d3c       0x2c C:\Users\Prototipado\Documents\LPCXpresso_7.6.2_326\Workspace\lpc_chip_175x_6x\Debug\liblpc_chip_175x_6x.a(ssp_17xx_40xx.o)
 .text.Chip_SSP_GetClkIndex
                0x00008d68       0x2c C:\Users\Prototipado\Documents\LPCXpresso_7.6.2_326\Workspace\lpc_chip_175x_6x\Debug\liblpc_chip_175x_6x.a(ssp_17xx_40xx.o)
 .text.Chip_SSP_SetClockRate
                0x00008d94       0x34 C:\Users\Prototipado\Documents\LPCXpresso_7.6.2_326\Workspace\lpc_chip_175x_6x\Debug\liblpc_chip_175x_6x.a(ssp_17xx_40xx.o)
                0x00008d94                Chip_SSP_SetClockRate
 .text.Chip_SSP_WriteFrames_Blocking
                0x00008dc8      0x138 C:\Users\Prototipado\Documents\LPCXpresso_7.6.2_326\Workspace\lpc_chip_175x_6x\Debug\liblpc_chip_175x_6x.a(ssp_17xx_40xx.o)
                0x00008dc8                Chip_SSP_WriteFrames_Blocking
 .text.Chip_SSP_ReadFrames_Blocking
                0x00008f00      0x148 C:\Users\Prototipado\Documents\LPCXpresso_7.6.2_326\Workspace\lpc_chip_175x_6x\Debug\liblpc_chip_175x_6x.a(ssp_17xx_40xx.o)
                0x00008f00                Chip_SSP_ReadFrames_Blocking
 .text.Chip_SSP_SetBitRate
                0x00009048       0x74 C:\Users\Prototipado\Documents\LPCXpresso_7.6.2_326\Workspace\lpc_chip_175x_6x\Debug\liblpc_chip_175x_6x.a(ssp_17xx_40xx.o)
                0x00009048                Chip_SSP_SetBitRate
 .text.Chip_SSP_Init
                0x000090bc       0x3c C:\Users\Prototipado\Documents\LPCXpresso_7.6.2_326\Workspace\lpc_chip_175x_6x\Debug\liblpc_chip_175x_6x.a(ssp_17xx_40xx.o)
                0x000090bc                Chip_SSP_Init
 .text.Chip_Clock_IsMainPLLEnabled
                0x000090f8       0x28 C:\Users\Prototipado\Documents\LPCXpresso_7.6.2_326\Workspace\lpc_chip_175x_6x\Debug\liblpc_chip_175x_6x.a(sysinit_17xx_40xx.o)
 .text.Chip_Clock_IsMainPLLLocked
                0x00009120       0x28 C:\Users\Prototipado\Documents\LPCXpresso_7.6.2_326\Workspace\lpc_chip_175x_6x\Debug\liblpc_chip_175x_6x.a(sysinit_17xx_40xx.o)
 .text.Chip_Clock_IsMainPLLConnected
                0x00009148       0x28 C:\Users\Prototipado\Documents\LPCXpresso_7.6.2_326\Workspace\lpc_chip_175x_6x\Debug\liblpc_chip_175x_6x.a(sysinit_17xx_40xx.o)
 .text.Chip_Clock_SetMainPLLSource
                0x00009170       0x20 C:\Users\Prototipado\Documents\LPCXpresso_7.6.2_326\Workspace\lpc_chip_175x_6x\Debug\liblpc_chip_175x_6x.a(sysinit_17xx_40xx.o)
 .text.Chip_SetupIrcClocking
                0x00009190       0x68 C:\Users\Prototipado\Documents\LPCXpresso_7.6.2_326\Workspace\lpc_chip_175x_6x\Debug\liblpc_chip_175x_6x.a(sysinit_17xx_40xx.o)
                0x00009190                Chip_SetupIrcClocking
 .text.Chip_SystemInit
                0x000091f8        0xc C:\Users\Prototipado\Documents\LPCXpresso_7.6.2_326\Workspace\lpc_chip_175x_6x\Debug\liblpc_chip_175x_6x.a(sysinit_17xx_40xx.o)
                0x000091f8                Chip_SystemInit
 .text.Chip_UART_SendByte
                0x00009204       0x1c C:\Users\Prototipado\Documents\LPCXpresso_7.6.2_326\Workspace\lpc_chip_175x_6x\Debug\liblpc_chip_175x_6x.a(uart_17xx_40xx.o)
 .text.Chip_UART_SetupFIFOS
                0x00009220       0x1c C:\Users\Prototipado\Documents\LPCXpresso_7.6.2_326\Workspace\lpc_chip_175x_6x\Debug\liblpc_chip_175x_6x.a(uart_17xx_40xx.o)
 .text.Chip_UART_ConfigData
                0x0000923c       0x1c C:\Users\Prototipado\Documents\LPCXpresso_7.6.2_326\Workspace\lpc_chip_175x_6x\Debug\liblpc_chip_175x_6x.a(uart_17xx_40xx.o)
 .text.Chip_UART_EnableDivisorAccess
                0x00009258       0x20 C:\Users\Prototipado\Documents\LPCXpresso_7.6.2_326\Workspace\lpc_chip_175x_6x\Debug\liblpc_chip_175x_6x.a(uart_17xx_40xx.o)
 .text.Chip_UART_DisableDivisorAccess
                0x00009278       0x20 C:\Users\Prototipado\Documents\LPCXpresso_7.6.2_326\Workspace\lpc_chip_175x_6x\Debug\liblpc_chip_175x_6x.a(uart_17xx_40xx.o)
 .text.Chip_UART_SetDivisorLatches
                0x00009298       0x28 C:\Users\Prototipado\Documents\LPCXpresso_7.6.2_326\Workspace\lpc_chip_175x_6x\Debug\liblpc_chip_175x_6x.a(uart_17xx_40xx.o)
 .text.Chip_UART_ReadLineStatus
                0x000092c0       0x18 C:\Users\Prototipado\Documents\LPCXpresso_7.6.2_326\Workspace\lpc_chip_175x_6x\Debug\liblpc_chip_175x_6x.a(uart_17xx_40xx.o)
 .text.Chip_UART_GetClockIndex
                0x000092d8       0x50 C:\Users\Prototipado\Documents\LPCXpresso_7.6.2_326\Workspace\lpc_chip_175x_6x\Debug\liblpc_chip_175x_6x.a(uart_17xx_40xx.o)
 .text.Chip_UART_GetClkIndex
                0x00009328       0x50 C:\Users\Prototipado\Documents\LPCXpresso_7.6.2_326\Workspace\lpc_chip_175x_6x\Debug\liblpc_chip_175x_6x.a(uart_17xx_40xx.o)
 .text.Chip_UART_Init
                0x00009378       0x74 C:\Users\Prototipado\Documents\LPCXpresso_7.6.2_326\Workspace\lpc_chip_175x_6x\Debug\liblpc_chip_175x_6x.a(uart_17xx_40xx.o)
                0x00009378                Chip_UART_Init
 .text.Chip_UART_TXEnable
                0x000093ec       0x18 C:\Users\Prototipado\Documents\LPCXpresso_7.6.2_326\Workspace\lpc_chip_175x_6x\Debug\liblpc_chip_175x_6x.a(uart_17xx_40xx.o)
                0x000093ec                Chip_UART_TXEnable
 .text.Chip_UART_TXDisable
                0x00009404       0x18 C:\Users\Prototipado\Documents\LPCXpresso_7.6.2_326\Workspace\lpc_chip_175x_6x\Debug\liblpc_chip_175x_6x.a(uart_17xx_40xx.o)
                0x00009404                Chip_UART_TXDisable
 .text.Chip_UART_Send
                0x0000941c       0x50 C:\Users\Prototipado\Documents\LPCXpresso_7.6.2_326\Workspace\lpc_chip_175x_6x\Debug\liblpc_chip_175x_6x.a(uart_17xx_40xx.o)
                0x0000941c                Chip_UART_Send
 .text.Chip_UART_SendBlocking
                0x0000946c       0x4c C:\Users\Prototipado\Documents\LPCXpresso_7.6.2_326\Workspace\lpc_chip_175x_6x\Debug\liblpc_chip_175x_6x.a(uart_17xx_40xx.o)
                0x0000946c                Chip_UART_SendBlocking
 .text.Chip_UART_SetBaud
                0x000094b8       0x64 C:\Users\Prototipado\Documents\LPCXpresso_7.6.2_326\Workspace\lpc_chip_175x_6x\Debug\liblpc_chip_175x_6x.a(uart_17xx_40xx.o)
                0x000094b8                Chip_UART_SetBaud
 .text.__sys_write
                0x0000951c        0xc c:/nxp/lpcxpresso_7.6.2_326/lpcxpresso/tools/bin/../lib/gcc/arm-none-eabi/4.9.3/../../../../arm-none-eabi/lib/armv7-m\libcr_semihost.a(__sys_write.o)
                0x0000951c                __sys_write
                0x0000951c                __write
 .text.__main   0x00009528       0x14 c:/nxp/lpcxpresso_7.6.2_326/lpcxpresso/tools/bin/../lib/gcc/arm-none-eabi/4.9.3/../../../../arm-none-eabi/lib/armv7-m\libcr_semihost.a(_cr__main.o)
                0x00009528                __CR_SEMIHOST
                0x00009528                __main
 .text.memcpy   0x0000953c        0x4 c:/nxp/lpcxpresso_7.6.2_326/lpcxpresso/tools/bin/../lib/gcc/arm-none-eabi/4.9.3/../../../../arm-none-eabi/lib/armv7-m\libcr_c.a(memcpy.o)
                0x0000953c                memcpy
 .text.memset   0x00009540        0x4 c:/nxp/lpcxpresso_7.6.2_326/lpcxpresso/tools/bin/../lib/gcc/arm-none-eabi/4.9.3/../../../../arm-none-eabi/lib/armv7-m\libcr_c.a(memset.o)
                0x00009540                memset
 .text.fp_round
                0x00009544       0x4a c:/nxp/lpcxpresso_7.6.2_326/lpcxpresso/tools/bin/../lib/gcc/arm-none-eabi/4.9.3/../../../../arm-none-eabi/lib/armv7-m\libcr_c.a(fpprintf.o)
 .text.pr_dec.constprop.1
                0x0000958e       0x26 c:/nxp/lpcxpresso_7.6.2_326/lpcxpresso/tools/bin/../lib/gcc/arm-none-eabi/4.9.3/../../../../arm-none-eabi/lib/armv7-m\libcr_c.a(fpprintf.o)
 .text.sprintf  0x000095b4       0x6c c:/nxp/lpcxpresso_7.6.2_326/lpcxpresso/tools/bin/../lib/gcc/arm-none-eabi/4.9.3/../../../../arm-none-eabi/lib/armv7-m\libcr_c.a(fpprintf.o)
                0x000095b4                sprintf
 .text.fp_display
                0x00009620      0x900 c:/nxp/lpcxpresso_7.6.2_326/lpcxpresso/tools/bin/../lib/gcc/arm-none-eabi/4.9.3/../../../../arm-none-eabi/lib/armv7-m\libcr_c.a(fpprintf.o)
 .text.vsnprintf
                0x00009f20       0x5c c:/nxp/lpcxpresso_7.6.2_326/lpcxpresso/tools/bin/../lib/gcc/arm-none-eabi/4.9.3/../../../../arm-none-eabi/lib/armv7-m\libcr_c.a(fpprintf.o)
                0x00009f20                vsnprintf
 .text.printf   0x00009f7c       0x54 c:/nxp/lpcxpresso_7.6.2_326/lpcxpresso/tools/bin/../lib/gcc/arm-none-eabi/4.9.3/../../../../arm-none-eabi/lib/armv7-m\libcr_c.a(fpprintf.o)
                0x00009f7c                printf
 .text._initio  0x00009fd0       0xa4 c:/nxp/lpcxpresso_7.6.2_326/lpcxpresso/tools/bin/../lib/gcc/arm-none-eabi/4.9.3/../../../../arm-none-eabi/lib/armv7-m\libcr_c.a(initio.o)
                0x00009fd0                _initio
 .text.__vfprintf
                0x0000a074      0xca4 c:/nxp/lpcxpresso_7.6.2_326/lpcxpresso/tools/bin/../lib/gcc/arm-none-eabi/4.9.3/../../../../arm-none-eabi/lib/armv7-m\libcr_c.a(printf.o)
                0x0000a074                __vfprintf
 .text.setvbuf  0x0000ad18       0x40 c:/nxp/lpcxpresso_7.6.2_326/lpcxpresso/tools/bin/../lib/gcc/arm-none-eabi/4.9.3/../../../../arm-none-eabi/lib/armv7-m\libcr_c.a(setvbuf.o)
                0x0000ad18                setvbuf
 .text.strcpy   0x0000ad58       0x42 c:/nxp/lpcxpresso_7.6.2_326/lpcxpresso/tools/bin/../lib/gcc/arm-none-eabi/4.9.3/../../../../arm-none-eabi/lib/armv7-m\libcr_c.a(strcpy.o)
                0x0000ad58                strcpy
 .text.strlen   0x0000ad9a       0x4a c:/nxp/lpcxpresso_7.6.2_326/lpcxpresso/tools/bin/../lib/gcc/arm-none-eabi/4.9.3/../../../../arm-none-eabi/lib/armv7-m\libcr_c.a(strlen.o)
                0x0000ad9a                strlen
 .text.strncmp  0x0000ade4       0x56 c:/nxp/lpcxpresso_7.6.2_326/lpcxpresso/tools/bin/../lib/gcc/arm-none-eabi/4.9.3/../../../../arm-none-eabi/lib/armv7-m\libcr_c.a(strncmp.o)
                0x0000ade4                strncmp
 .text.strncpy  0x0000ae3a       0x58 c:/nxp/lpcxpresso_7.6.2_326/lpcxpresso/tools/bin/../lib/gcc/arm-none-eabi/4.9.3/../../../../arm-none-eabi/lib/armv7-m\libcr_c.a(strncpy.o)
                0x0000ae3a                strncpy
 .text.strstr   0x0000ae92       0x1e c:/nxp/lpcxpresso_7.6.2_326/lpcxpresso/tools/bin/../lib/gcc/arm-none-eabi/4.9.3/../../../../arm-none-eabi/lib/armv7-m\libcr_c.a(strstr.o)
                0x0000ae92                strstr
 .text._deferredlazyseek
                0x0000aeb0       0x44 c:/nxp/lpcxpresso_7.6.2_326/lpcxpresso/tools/bin/../lib/gcc/arm-none-eabi/4.9.3/../../../../arm-none-eabi/lib/armv7-m\libcr_c.a(_deferredlazyseek.o)
                0x0000aeb0                _deferredlazyseek
 .text.__flsbuf
                0x0000aef4      0x142 c:/nxp/lpcxpresso_7.6.2_326/lpcxpresso/tools/bin/../lib/gcc/arm-none-eabi/4.9.3/../../../../arm-none-eabi/lib/armv7-m\libcr_c.a(_deferredlazyseek.o)
                0x0000aef4                __flsbuf
 .text._fdopen  0x0000b036       0x6a c:/nxp/lpcxpresso_7.6.2_326/lpcxpresso/tools/bin/../lib/gcc/arm-none-eabi/4.9.3/../../../../arm-none-eabi/lib/armv7-m\libcr_c.a(_fdopen.o)
                0x0000b036                _fdopen
 .text._fflush  0x0000b0a0       0x58 c:/nxp/lpcxpresso_7.6.2_326/lpcxpresso/tools/bin/../lib/gcc/arm-none-eabi/4.9.3/../../../../arm-none-eabi/lib/armv7-m\libcr_c.a(_fflush.o)
                0x0000b0a0                _fflush
 .text._frexpl  0x0000b0f8       0x5a c:/nxp/lpcxpresso_7.6.2_326/lpcxpresso/tools/bin/../lib/gcc/arm-none-eabi/4.9.3/../../../../arm-none-eabi/lib/armv7-m\libcr_c.a(_frexpl.o)
                0x0000b0f8                _frexpl
 *fill*         0x0000b152        0x2 
 .text._ldexpl  0x0000b154       0x4c c:/nxp/lpcxpresso_7.6.2_326/lpcxpresso/tools/bin/../lib/gcc/arm-none-eabi/4.9.3/../../../../arm-none-eabi/lib/armv7-m\libcr_c.a(_ldexpl.o)
                0x0000b154                _ldexpl
 .text._Cwritebuf
                0x0000b1a0       0x70 c:/nxp/lpcxpresso_7.6.2_326/lpcxpresso/tools/bin/../lib/gcc/arm-none-eabi/4.9.3/../../../../arm-none-eabi/lib/armv7-m\libcr_c.a(_writebuf.o)
                0x0000b1a0                _Cwritebuf
 .text.malloc   0x0000b210       0xcc c:/nxp/lpcxpresso_7.6.2_326/lpcxpresso/tools/bin/../lib/gcc/arm-none-eabi/4.9.3/../../../../arm-none-eabi/lib/armv7-m\libcr_c.a(alloc.o)
                0x0000b210                malloc
 .text.free     0x0000b2dc       0x30 c:/nxp/lpcxpresso_7.6.2_326/lpcxpresso/tools/bin/../lib/gcc/arm-none-eabi/4.9.3/../../../../arm-none-eabi/lib/armv7-m\libcr_c.a(alloc.o)
                0x0000b2dc                free
 .text._Csys_alloc
                0x0000b30c       0x20 c:/nxp/lpcxpresso_7.6.2_326/lpcxpresso/tools/bin/../lib/gcc/arm-none-eabi/4.9.3/../../../../arm-none-eabi/lib/armv7-m\libcr_c.a(alloc.o)
                0x0000b30c                _Csys_alloc
 .text.fclose   0x0000b32c       0x6c c:/nxp/lpcxpresso_7.6.2_326/lpcxpresso/tools/bin/../lib/gcc/arm-none-eabi/4.9.3/../../../../arm-none-eabi/lib/armv7-m\libcr_c.a(fclose.o)
                0x0000b32c                fclose
 .text.fflush   0x0000b398       0x30 c:/nxp/lpcxpresso_7.6.2_326/lpcxpresso/tools/bin/../lib/gcc/arm-none-eabi/4.9.3/../../../../arm-none-eabi/lib/armv7-m\libcr_c.a(fflush.o)
                0x0000b398                fflush
 .text.fseek    0x0000b3c8      0x110 c:/nxp/lpcxpresso_7.6.2_326/lpcxpresso/tools/bin/../lib/gcc/arm-none-eabi/4.9.3/../../../../arm-none-eabi/lib/armv7-m\libcr_c.a(fseek.o)
                0x0000b3c8                fseek
 .text.ftell    0x0000b4d8       0x4c c:/nxp/lpcxpresso_7.6.2_326/lpcxpresso/tools/bin/../lib/gcc/arm-none-eabi/4.9.3/../../../../arm-none-eabi/lib/armv7-m\libcr_c.a(ftell.o)
                0x0000b4d8                ftell
 .text.remove   0x0000b524       0x14 c:/nxp/lpcxpresso_7.6.2_326/lpcxpresso/tools/bin/../lib/gcc/arm-none-eabi/4.9.3/../../../../arm-none-eabi/lib/armv7-m\libcr_c.a(remove.o)
                0x0000b524                remove
 .text._sbrk    0x0000b538       0x40 c:/nxp/lpcxpresso_7.6.2_326/lpcxpresso/tools/bin/../lib/gcc/arm-none-eabi/4.9.3/../../../../arm-none-eabi/lib/armv7-m\libcr_c.a(_cr_sbrk.o)
                0x0000b538                _sbrk
 .text._do_fflush
                0x0000b578       0x44 c:/nxp/lpcxpresso_7.6.2_326/lpcxpresso/tools/bin/../lib/gcc/arm-none-eabi/4.9.3/../../../../arm-none-eabi/lib/armv7-m\libcr_c.a(_do_fflush.o)
                0x0000b578                _do_fflush
 .text.__check_heap_overflow
                0x0000b5bc       0x18 c:/nxp/lpcxpresso_7.6.2_326/lpcxpresso/tools/bin/../lib/gcc/arm-none-eabi/4.9.3/../../../../arm-none-eabi/lib/armv7-m\libcr_c.a(_cr_check_heap.o)
                0x0000b5bc                __check_heap_overflow
 .text.__aeabi_dmul
                0x0000b5d4      0x120 c:/nxp/lpcxpresso_7.6.2_326/lpcxpresso/tools/bin/../lib/gcc/arm-none-eabi/4.9.3/armv7-m\libcr_eabihelpers.a(double.o)
                0x0000b5d4                __aeabi_dmul
 .text.__aeabi_ddiv
                0x0000b6f4      0x150 c:/nxp/lpcxpresso_7.6.2_326/lpcxpresso/tools/bin/../lib/gcc/arm-none-eabi/4.9.3/armv7-m\libcr_eabihelpers.a(double.o)
                0x0000b6f4                __aeabi_ddiv
 .text.__aeabi_dsub
                0x0000b844      0x1d8 c:/nxp/lpcxpresso_7.6.2_326/lpcxpresso/tools/bin/../lib/gcc/arm-none-eabi/4.9.3/armv7-m\libcr_eabihelpers.a(double.o)
                0x0000b844                __aeabi_dsub
 .text.__aeabi_dadd
                0x0000ba1c      0x134 c:/nxp/lpcxpresso_7.6.2_326/lpcxpresso/tools/bin/../lib/gcc/arm-none-eabi/4.9.3/armv7-m\libcr_eabihelpers.a(double.o)
                0x0000ba1c                __aeabi_dadd
 .text.__aeabi_d2f
                0x0000bb50       0x5c c:/nxp/lpcxpresso_7.6.2_326/lpcxpresso/tools/bin/../lib/gcc/arm-none-eabi/4.9.3/armv7-m\libcr_eabihelpers.a(double.o)
                0x0000bb50                __aeabi_d2f
 .text.__aeabi_d2iz
                0x0000bbac       0x40 c:/nxp/lpcxpresso_7.6.2_326/lpcxpresso/tools/bin/../lib/gcc/arm-none-eabi/4.9.3/armv7-m\libcr_eabihelpers.a(double.o)
                0x0000bbac                __aeabi_d2iz
 .text.__bhs_ui2d
                0x0000bbec       0x48 c:/nxp/lpcxpresso_7.6.2_326/lpcxpresso/tools/bin/../lib/gcc/arm-none-eabi/4.9.3/armv7-m\libcr_eabihelpers.a(double.o)
                0x0000bbec                __bhs_ui2d
 .text.__aeabi_i2d
                0x0000bc34       0x14 c:/nxp/lpcxpresso_7.6.2_326/lpcxpresso/tools/bin/../lib/gcc/arm-none-eabi/4.9.3/armv7-m\libcr_eabihelpers.a(double.o)
                0x0000bc34                __aeabi_i2d
 .text.__aeabi_dcmpeq
                0x0000bc48       0x2c c:/nxp/lpcxpresso_7.6.2_326/lpcxpresso/tools/bin/../lib/gcc/arm-none-eabi/4.9.3/armv7-m\libcr_eabihelpers.a(double.o)
                0x0000bc48                __aeabi_dcmpeq
 .text.__aeabi_dcmplt
                0x0000bc74       0x5c c:/nxp/lpcxpresso_7.6.2_326/lpcxpresso/tools/bin/../lib/gcc/arm-none-eabi/4.9.3/armv7-m\libcr_eabihelpers.a(double.o)
                0x0000bc74                __aeabi_dcmplt
 .text.__aeabi_dcmple
                0x0000bcd0       0x5c c:/nxp/lpcxpresso_7.6.2_326/lpcxpresso/tools/bin/../lib/gcc/arm-none-eabi/4.9.3/armv7-m\libcr_eabihelpers.a(double.o)
                0x0000bcd0                __aeabi_dcmple
 .text.__aeabi_dcmpge
                0x0000bd2c       0x5c c:/nxp/lpcxpresso_7.6.2_326/lpcxpresso/tools/bin/../lib/gcc/arm-none-eabi/4.9.3/armv7-m\libcr_eabihelpers.a(double.o)
                0x0000bd2c                __aeabi_dcmpge
 .text.__aeabi_f2d
                0x0000bd88       0x3c c:/nxp/lpcxpresso_7.6.2_326/lpcxpresso/tools/bin/../lib/gcc/arm-none-eabi/4.9.3/armv7-m\libcr_eabihelpers.a(float.o)
                0x0000bd88                __aeabi_f2d
 .text.__aeabi_fcmpgt
                0x0000bdc4       0x3c c:/nxp/lpcxpresso_7.6.2_326/lpcxpresso/tools/bin/../lib/gcc/arm-none-eabi/4.9.3/armv7-m\libcr_eabihelpers.a(float.o)
                0x0000bdc4                __aeabi_fcmpgt
 .text.__aeabi_memcpy
                0x0000be00       0x34 c:/nxp/lpcxpresso_7.6.2_326/lpcxpresso/tools/bin/../lib/gcc/arm-none-eabi/4.9.3/armv7-m\libcr_eabihelpers.a(memcpy.o)
                0x0000be00                __aeabi_memcpy
                0x0000be0a                __aeabi_memcpy8
                0x0000be0a                __aeabi_memcpy4
 .text.__aeabi_memset_lowlevel
                0x0000be34       0x32 c:/nxp/lpcxpresso_7.6.2_326/lpcxpresso/tools/bin/../lib/gcc/arm-none-eabi/4.9.3/armv7-m\libcr_eabihelpers.a(memcpy.o)
                0x0000be34                __aeabi_lowlevel_memset
 *fill*         0x0000be66        0x2 
 .text.__sys_appexit
                0x0000be68        0xc c:/nxp/lpcxpresso_7.6.2_326/lpcxpresso/tools/bin/../lib/gcc/arm-none-eabi/4.9.3/../../../../arm-none-eabi/lib/armv7-m\libcr_semihost.a(__sys_appexit.o)
                0x0000be68                __sys_appexit
                0x0000be68                __exit
 .text.__sys_close
                0x0000be74        0xc c:/nxp/lpcxpresso_7.6.2_326/lpcxpresso/tools/bin/../lib/gcc/arm-none-eabi/4.9.3/../../../../arm-none-eabi/lib/armv7-m\libcr_semihost.a(__sys_close.o)
                0x0000be74                __sys_close
 .text.__sys_flen
                0x0000be80        0xc c:/nxp/lpcxpresso_7.6.2_326/lpcxpresso/tools/bin/../lib/gcc/arm-none-eabi/4.9.3/../../../../arm-none-eabi/lib/armv7-m\libcr_semihost.a(__sys_flen.o)
                0x0000be80                __sys_flen
 .text.__sys_istty
                0x0000be8c        0xc c:/nxp/lpcxpresso_7.6.2_326/lpcxpresso/tools/bin/../lib/gcc/arm-none-eabi/4.9.3/../../../../arm-none-eabi/lib/armv7-m\libcr_semihost.a(__sys_istty.o)
                0x0000be8c                __sys_istty
 .text.__sys_remove
                0x0000be98        0xc c:/nxp/lpcxpresso_7.6.2_326/lpcxpresso/tools/bin/../lib/gcc/arm-none-eabi/4.9.3/../../../../arm-none-eabi/lib/armv7-m\libcr_semihost.a(__sys_remove.o)
                0x0000be98                __sys_remove
 .text.__sys_seek
                0x0000bea4        0xc c:/nxp/lpcxpresso_7.6.2_326/lpcxpresso/tools/bin/../lib/gcc/arm-none-eabi/4.9.3/../../../../arm-none-eabi/lib/armv7-m\libcr_semihost.a(__sys_seek.o)
                0x0000bea4                __sys_seek
 .text.__sys_tmpnam
                0x0000beb0        0xc c:/nxp/lpcxpresso_7.6.2_326/lpcxpresso/tools/bin/../lib/gcc/arm-none-eabi/4.9.3/../../../../arm-none-eabi/lib/armv7-m\libcr_semihost.a(__sys_tmpnam.o)
                0x0000beb0                __sys_tmpnam
 *(.rodata .rodata.* .constdata .constdata.*)
 .rodata        0x0000bebc        0x8 ./freertos/src/tasks.o
 .rodata        0x0000bec4       0x58 ./Modules/src/Acquirer.o
 .rodata        0x0000bf1c       0x2c ./Modules/src/Analyzer.o
 .rodata        0x0000bf48      0x170 ./Modules/src/Storer.o
 .rodata        0x0000c0b8       0x3c ./Modules/src/Transceiver.o
 .rodata        0x0000c0f4       0x8c ./Modules/src/UserIO.o
 .rodata        0x0000c180      0x154 ./Drivers/src/DSD.o
 .rodata.GpsBitmaps
                0x0000c2d4       0x18 ./Drivers/src/Display.o
                0x0000c2d4                GpsBitmaps
 .rodata.WindsBitmaps
                0x0000c2ec       0x18 ./Drivers/src/Display.o
                0x0000c2ec                WindsBitmaps
 .rodata.FlowBitmaps
                0x0000c304       0x10 ./Drivers/src/Display.o
                0x0000c304                FlowBitmaps
 .rodata.TyhBitmaps
                0x0000c314       0x14 ./Drivers/src/Display.o
                0x0000c314                TyhBitmaps
 .rodata.InicioBitmaps
                0x0000c328       0xf4 ./Drivers/src/Display.o
                0x0000c328                InicioBitmaps
 .rodata.Signal1Bitmaps
                0x0000c41c        0x4 ./Drivers/src/Display.o
                0x0000c41c                Signal1Bitmaps
 .rodata.Signal2Bitmaps
                0x0000c420        0x8 ./Drivers/src/Display.o
                0x0000c420                Signal2Bitmaps
 .rodata.Signal3Bitmaps
                0x0000c428        0x8 ./Drivers/src/Display.o
                0x0000c428                Signal3Bitmaps
 .rodata.Signal4Bitmaps
                0x0000c430        0xc ./Drivers/src/Display.o
                0x0000c430                Signal4Bitmaps
 .rodata.SdOkBitmaps
                0x0000c43c        0x8 ./Drivers/src/Display.o
                0x0000c43c                SdOkBitmaps
 .rodata        0x0000c444      0x248 ./Drivers/src/Display.o
 .rodata        0x0000c68c       0x1c ./Drivers/src/Modem.o
 .rodata.pinmuxing.7139
                0x0000c6a8       0x34 ./Board/src/Board.o
 .rodata.pinmuxing.7143
                0x0000c6dc       0x18 ./Board/src/Board.o
 .rodata        0x0000c6f4       0x4c ./Application/STGAA+RTOS.o
 .rodata.OscRateIn
                0x0000c740        0x4 ./Application/sysinit.o
                0x0000c740                OscRateIn
 .rodata.RTCOscRateIn
                0x0000c744        0x4 ./Application/sysinit.o
                0x0000c744                RTCOscRateIn
 .rodata        0x0000c748      0x2b4 C:\Users\Prototipado\Documents\LPCXpresso_7.6.2_326\Workspace\LIB_GL865\Debug\libLIB_GL865.a(GL865.o)
 .rodata        0x0000c9fc       0x8c C:\Users\Prototipado\Documents\LPCXpresso_7.6.2_326\Workspace\Lib_FatFs_SD\Debug\libLib_FatFs_SD.a(ff.o)
 .rodata.SysFont3x5
                0x0000ca88      0x128 C:\Users\Prototipado\Documents\LPCXpresso_7.6.2_326\Workspace\LIB_GLCDgui\Debug\libLIB_GLCDgui.a(text.o)
 .rodata.System5x7
                0x0000cbb0      0x1ec C:\Users\Prototipado\Documents\LPCXpresso_7.6.2_326\Workspace\LIB_GLCDgui\Debug\libLIB_GLCDgui.a(windows.o)
 .rodata.System5x7
                0x0000cd9c      0x1ec C:\Users\Prototipado\Documents\LPCXpresso_7.6.2_326\Workspace\LIB_GLCDgui\Debug\libLIB_GLCDgui.a(textSlider.o)
 .rodata        0x0000cf88       0x14 C:\Users\Prototipado\Documents\LPCXpresso_7.6.2_326\Workspace\LIB_GLCDgui\Debug\libLIB_GLCDgui.a(textSlider.o)
 .rodata.System5x7
                0x0000cf9c      0x1ec C:\Users\Prototipado\Documents\LPCXpresso_7.6.2_326\Workspace\LIB_GLCDgui\Debug\libLIB_GLCDgui.a(button.o)
 .rodata.str1.1
                0x0000d188       0x34 c:/nxp/lpcxpresso_7.6.2_326/lpcxpresso/tools/bin/../lib/gcc/arm-none-eabi/4.9.3/../../../../arm-none-eabi/lib/armv7-m\libcr_c.a(fpprintf.o)
                                 0x35 (size before relaxing)
 .rodata.str1.1
                0x0000d1bc        0x4 c:/nxp/lpcxpresso_7.6.2_326/lpcxpresso/tools/bin/../lib/gcc/arm-none-eabi/4.9.3/../../../../arm-none-eabi/lib/armv7-m\libcr_c.a(initio.o)
 .rodata.str1.1
                0x0000d1c0       0x31 c:/nxp/lpcxpresso_7.6.2_326/lpcxpresso/tools/bin/../lib/gcc/arm-none-eabi/4.9.3/../../../../arm-none-eabi/lib/armv7-m\libcr_c.a(printf.o)
                                 0x38 (size before relaxing)
 .rodata.str1.1
                0x0000d1f1       0x18 c:/nxp/lpcxpresso_7.6.2_326/lpcxpresso/tools/bin/../lib/gcc/arm-none-eabi/4.9.3/../../../../arm-none-eabi/lib/armv7-m\libcr_c.a(alloc.o)
 *fill*         0x0000d209        0x7 
 .rodata.__huge_vall
                0x0000d210        0x8 c:/nxp/lpcxpresso_7.6.2_326/lpcxpresso/tools/bin/../lib/gcc/arm-none-eabi/4.9.3/../../../../arm-none-eabi/lib/armv7-m\libcr_c.a(_hugeval.o)
                0x0000d210                __huge_vall
                0x0000d218                . = ALIGN (0x4)

.glue_7         0x0000d218        0x0
 .glue_7        0x00000000        0x0 linker stubs

.glue_7t        0x0000d218        0x0
 .glue_7t       0x00000000        0x0 linker stubs

.vfp11_veneer   0x0000d218        0x0
 .vfp11_veneer  0x00000000        0x0 linker stubs

.v4_bx          0x0000d218        0x0
 .v4_bx         0x00000000        0x0 linker stubs

.iplt           0x0000d218        0x0
 .iplt          0x00000000        0x0 ./freertos/src/FreeRTOSCommonHooks.o

.rel.dyn        0x0000d218        0x0
 .rel.iplt      0x00000000        0x0 ./freertos/src/FreeRTOSCommonHooks.o

.ARM.extab
 *(.ARM.extab* .gnu.linkonce.armextab.*)
                0x0000d218                __exidx_start = .

.ARM.exidx
 *(.ARM.exidx* .gnu.linkonce.armexidx.*)
                0x0000d218                __exidx_end = .
                0x0000d218                _etext = .

.data_RAM2      0x2007c000        0x0 load address 0x0000d218
 FILL mask 0xff
                0x2007c000                PROVIDE (__start_data_RAM2, .)
 *(.ramfunc.$RAM2)
 *(.ramfunc.$RamAHB32)
 *(.data.$RAM2*)
 *(.data.$RamAHB32*)
                0x2007c000                . = ALIGN (0x4)
                0x2007c000                PROVIDE (__end_data_RAM2, .)

.uninit_RESERVED
                0x10000000        0x0
 *(.bss.$RESERVED*)
                0x10000000                . = ALIGN (0x4)
                0x10000000                _end_uninit_RESERVED = .

.data           0x10000000       0x20 load address 0x0000d218
 FILL mask 0xff
                0x10000000                _data = .
 *(vtable)
 *(.ramfunc*)
 *(.data*)
 .data.xFreeBytesRemaining
                0x10000000        0x4 ./freertos/src/heap_2.o
 .data.uxCriticalNesting
                0x10000004        0x4 ./freertos/src/port.o
 .data.xNextTaskUnblockTime
                0x10000008        0x4 ./freertos/src/tasks.o
 .data.rowPins  0x1000000c        0x4 ./Drivers/src/Keypad.o
 .data.columnPins
                0x10000010        0x4 ./Drivers/src/Keypad.o
 .data.Keys     0x10000014        0x8 ./Drivers/src/Keypad.o
 .data          0x1000001c        0x1 C:\Users\Prototipado\Documents\LPCXpresso_7.6.2_326\Workspace\Lib_FatFs_SD\Debug\libLib_FatFs_SD.a(mmc.o)
                0x10000020                . = ALIGN (0x4)
 *fill*         0x1000001d        0x3 ff
                0x10000020                _edata = .

.igot.plt       0x10000020        0x0 load address 0x0000d238
 .igot.plt      0x00000000        0x0 ./freertos/src/FreeRTOSCommonHooks.o

.bss_RAM2       0x2007c000        0x0
                0x2007c000                PROVIDE (__start_bss_RAM2, .)
 *(.bss.$RAM2*)
 *(.bss.$RamAHB32*)
                0x2007c000                . = ALIGN (0x4)
                0x2007c000                PROVIDE (__end_bss_RAM2, .)

.bss            0x10000020     0x4a5c
                0x10000020                _bss = .
 *(.bss*)
 .bss.xHeap     0x10000020     0x4000 ./freertos/src/heap_2.o
 .bss.xStart    0x10004020        0x8 ./freertos/src/heap_2.o
 .bss.xEnd      0x10004028        0x8 ./freertos/src/heap_2.o
 .bss.xHeapHasBeenInitialised.7367
                0x10004030        0x4 ./freertos/src/heap_2.o
 .bss.ulTimerCountsForOneTick
                0x10004034        0x4 ./freertos/src/port.o
 .bss.xMaximumPossibleSuppressedTicks
                0x10004038        0x4 ./freertos/src/port.o
 .bss.ulStoppedTimerCompensation
                0x1000403c        0x4 ./freertos/src/port.o
 .bss.pxCurrentTCB
                0x10004040        0x4 ./freertos/src/tasks.o
                0x10004040                pxCurrentTCB
 .bss.pxReadyTasksLists
                0x10004044       0xa0 ./freertos/src/tasks.o
 .bss.xDelayedTaskList1
                0x100040e4       0x14 ./freertos/src/tasks.o
 .bss.xDelayedTaskList2
                0x100040f8       0x14 ./freertos/src/tasks.o
 .bss.pxDelayedTaskList
                0x1000410c        0x4 ./freertos/src/tasks.o
 .bss.pxOverflowDelayedTaskList
                0x10004110        0x4 ./freertos/src/tasks.o
 .bss.xPendingReadyList
                0x10004114       0x14 ./freertos/src/tasks.o
 .bss.xTasksWaitingTermination
                0x10004128       0x14 ./freertos/src/tasks.o
 .bss.uxTasksDeleted
                0x1000413c        0x4 ./freertos/src/tasks.o
 .bss.xSuspendedTaskList
                0x10004140       0x14 ./freertos/src/tasks.o
 .bss.uxCurrentNumberOfTasks
                0x10004154        0x4 ./freertos/src/tasks.o
 .bss.xTickCount
                0x10004158        0x4 ./freertos/src/tasks.o
 .bss.uxTopReadyPriority
                0x1000415c        0x4 ./freertos/src/tasks.o
 .bss.xSchedulerRunning
                0x10004160        0x4 ./freertos/src/tasks.o
 .bss.uxSchedulerSuspended
                0x10004164        0x4 ./freertos/src/tasks.o
 .bss.uxPendedTicks
                0x10004168        0x4 ./freertos/src/tasks.o
 .bss.xYieldPending
                0x1000416c        0x4 ./freertos/src/tasks.o
 .bss.xNumOfOverflows
                0x10004170        0x4 ./freertos/src/tasks.o
 .bss.uxTaskNumber
                0x10004174        0x4 ./freertos/src/tasks.o
 .bss.i.7725    0x10004178        0x1 ./Modules/src/Storer.o
 *fill*         0x10004179        0x3 
 .bss.Fatfs     0x1000417c      0x230 ./Drivers/src/DSD.o
 .bss.i.8063    0x100043ac        0x1 ./Drivers/src/Display.o
 .bss.key       0x100043ad        0x1 ./Drivers/src/Keypad.o
 *fill*         0x100043ae        0x2 
 .bss.size      0x100043b0        0x4 ./Drivers/src/Keypad.o
 .bss.ReceivedDataCount
                0x100043b4        0x1 ./Drivers/src/Sensor.o
                0x100043b4                ReceivedDataCount
 *fill*         0x100043b5        0x1 
 .bss.RegisteredSensorCount
                0x100043b6        0x2 ./Data/src/Descriptors.o
                0x100043b6                RegisteredSensorCount
 .bss.Stack_index
                0x100043b8        0x2 ./Data/src/Descriptors.o
                0x100043b8                Stack_index
 .bss.rxi       0x100043ba        0x1 C:\Users\Prototipado\Documents\LPCXpresso_7.6.2_326\Workspace\LIB_GL865\Debug\libLIB_GL865.a(GL865.o)
                0x100043ba                rxi
 *fill*         0x100043bb        0x1 
 .bss           0x100043bc        0xc C:\Users\Prototipado\Documents\LPCXpresso_7.6.2_326\Workspace\Lib_FatFs_SD\Debug\libLib_FatFs_SD.a(ff.o)
 .bss           0x100043c8        0x4 C:\Users\Prototipado\Documents\LPCXpresso_7.6.2_326\Workspace\Lib_FatFs_SD\Debug\libLib_FatFs_SD.a(mmc.o)
 .bss.__GLCD_Coord
                0x100043cc        0x4 C:\Users\Prototipado\Documents\LPCXpresso_7.6.2_326\Workspace\LIB_GLCDPrimitives\Debug\libLIB_GLCDPrimitives.a(GLCDFonts.o)
 .bss.Font      0x100043d0        0x4 C:\Users\Prototipado\Documents\LPCXpresso_7.6.2_326\Workspace\LIB_GLCDPrimitives\Debug\libLIB_GLCDPrimitives.a(GLCDFonts.o)
 .bss.FontColor
                0x100043d4        0x1 C:\Users\Prototipado\Documents\LPCXpresso_7.6.2_326\Workspace\LIB_GLCDPrimitives\Debug\libLIB_GLCDPrimitives.a(GLCDFonts.o)
 *fill*         0x100043d5        0x3 
 .bss.errno     0x100043d8        0x4 c:/nxp/lpcxpresso_7.6.2_326/lpcxpresso/tools/bin/../lib/gcc/arm-none-eabi/4.9.3/../../../../arm-none-eabi/lib/armv7-m\libcr_c.a(errno.o)
                0x100043d8                errno
 *(COMMON)
 COMMON         0x100043dc       0x2c ./Modules/src/Acquirer.o
                0x100043dc                xAnalysisDoneSemaphore
                0x100043e0                ReceivedCount
                0x100043e4                xEnviromentFullSemaphore
                0x100043e8                xKeyListenerSemaphore
                0x100043ec                sensors_currently_registered
                0x100043f0                xReceivedMsgSemaphore
                0x100043f4                RcvMsgBuf
 COMMON         0x10004408        0x1 ./Modules/src/Transceiver.o
                0x10004408                signal
 *fill*         0x10004409        0x3 
 COMMON         0x1000440c       0x18 ./Modules/src/UserIO.o
                0x1000440c                GUI_Malloc_Pointer
                0x10004410                pActiveWindow
                0x10004414                windowsList
                0x10004420                GUI_Free_Pointer
 COMMON         0x10004424       0x30 ./Drivers/src/DSD.o
                0x10004424                w1
                0x10004428                p2
                0x1000442c                b1
                0x1000442d                resul
                0x1000442e                stat
                0x1000442f                res
                0x10004430                filedata
 COMMON         0x10004454        0x1 ./Drivers/src/Modem.o
                0x10004454                error
 *fill*         0x10004455        0x3 
 COMMON         0x10004458        0xa ./Data/src/Alarms.o
                0x10004458                myAlarms
                0x10004460                Alarmscount
 *fill*         0x10004462        0x2 
 COMMON         0x10004464       0x14 ./Data/src/Descriptors.o
                0x10004464                SensorsList
 COMMON         0x10004478       0x24 ./Data/src/Environmental.o
                0x10004478                myEnvironmental
 COMMON         0x1000449c        0x1 ./Data/src/GPRS.o
                0x1000449c                mySignal
 *fill*         0x1000449d        0x3 
 COMMON         0x100044a0       0x83 C:\Users\Prototipado\Documents\LPCXpresso_7.6.2_326\Workspace\LIB_GL865\Debug\libLIB_GL865.a(GL865.o)
                0x100044a0                Timer
                0x100044a4                RX_buff
 *fill*         0x10004523        0x1 
 COMMON         0x10004524      0x400 C:\Users\Prototipado\Documents\LPCXpresso_7.6.2_326\Workspace\LIB_GLCDgui\Debug\libLIB_GLCDgui.a(GLCDgui.o)
                0x10004524                GLCDLowLevel_VideoRAM
 COMMON         0x10004924        0x4 C:\Users\Prototipado\Documents\LPCXpresso_7.6.2_326\Workspace\Lib_GLCDLowLevel\Debug\libLib_GLCDLowLevel.a(GLCDLowLevel.o)
                0x10004924                _delayCounter
 COMMON         0x10004928        0x4 C:\Users\Prototipado\Documents\LPCXpresso_7.6.2_326\Workspace\Lib_GLCDLowLevel\Debug\libLib_GLCDLowLevel.a(MicroInterface.o)
                0x10004928                MaskedBuf
 COMMON         0x1000492c        0x4 C:\Users\Prototipado\Documents\LPCXpresso_7.6.2_326\Workspace\lpc_chip_175x_6x\Debug\liblpc_chip_175x_6x.a(chip_17xx_40xx.o)
                0x1000492c                SystemCoreClock
 COMMON         0x10004930        0x4 c:/nxp/lpcxpresso_7.6.2_326/lpcxpresso/tools/bin/../lib/gcc/arm-none-eabi/4.9.3/../../../../arm-none-eabi/lib/armv7-m\libcr_c.a(initio.o)
                0x10004930                _extra
 COMMON         0x10004934      0x140 c:/nxp/lpcxpresso_7.6.2_326/lpcxpresso/tools/bin/../lib/gcc/arm-none-eabi/4.9.3/../../../../arm-none-eabi/lib/armv7-m\libcr_c.a(stdio.o)
                0x10004934                __Ciob
 COMMON         0x10004a74        0x8 c:/nxp/lpcxpresso_7.6.2_326/lpcxpresso/tools/bin/../lib/gcc/arm-none-eabi/4.9.3/../../../../arm-none-eabi/lib/armv7-m\libcr_c.a(__init_alloc.o)
                0x10004a74                __heaps
                0x10004a78                __end_of_heap
                0x10004a7c                . = ALIGN (0x4)
                0x10004a7c                _ebss = .
                0x10004a7c                PROVIDE (end, .)

.noinit_RAM2    0x2007c000        0x0
 *(.noinit.$RAM2*)
 *(.noinit.$RamAHB32*)
                0x2007c000                . = ALIGN (0x4)

.noinit         0x10004a7c        0x0
                0x10004a7c                _noinit = .
 *(.noinit*)
                0x10004a7c                . = ALIGN (0x4)
                0x10004a7c                _end_noinit = .
                0x10004a7c                PROVIDE (_pvHeapStart, DEFINED (__user_heap_base)?__user_heap_base:.)
                0x10008000                PROVIDE (_vStackTop, DEFINED (__user_stack_top)?__user_stack_top:(__top_RamLoc32 - 0x0))
OUTPUT(STGA+RTOS.axf elf32-littlearm)

.debug_info     0x00000000    0x12949
 .debug_info    0x00000000      0x38f ./freertos/src/heap_2.o
 .debug_info    0x0000038f      0x2cf ./freertos/src/list.o
 .debug_info    0x0000065e      0x3c4 ./freertos/src/port.o
 .debug_info    0x00000a22      0xadd ./freertos/src/queue.o
 .debug_info    0x000014ff     0x11cd ./freertos/src/tasks.o
 .debug_info    0x000026cc      0x4c9 ./Modules/src/Acquirer.o
 .debug_info    0x00002b95      0x3fa ./Modules/src/Analyzer.o
 .debug_info    0x00002f8f      0x31c ./Modules/src/Storer.o
 .debug_info    0x000032ab      0x250 ./Modules/src/Transceiver.o
 .debug_info    0x000034fb      0x4b5 ./Modules/src/UserIO.o
 .debug_info    0x000039b0      0x206 ./Drivers/src/Common.o
 .debug_info    0x00003bb6      0x806 ./Drivers/src/DSD.o
 .debug_info    0x000043bc      0x913 ./Drivers/src/Display.o
 .debug_info    0x00004ccf      0x622 ./Drivers/src/Keypad.o
 .debug_info    0x000052f1      0x1db ./Drivers/src/Modem.o
 .debug_info    0x000054cc      0x886 ./Drivers/src/Sensor.o
 .debug_info    0x00005d52      0x1dc ./Data/src/Alarms.o
 .debug_info    0x00005f2e      0x309 ./Data/src/Descriptors.o
 .debug_info    0x00006237      0x23e ./Data/src/Environmental.o
 .debug_info    0x00006475      0x135 ./Data/src/GPRS.o
 .debug_info    0x000065aa      0xdec ./Board/src/Board.o
 .debug_info    0x00007396      0x201 ./Application/STGAA+RTOS.o
 .debug_info    0x00007597      0x24b ./Application/cr_startup_lpc175x_6x.o
 .debug_info    0x000077e2       0x3f ./Application/crp.o
 .debug_info    0x00007821      0x1b1 ./Application/sysinit.o
 .debug_info    0x000079d2      0x9f3 C:\Users\Prototipado\Documents\LPCXpresso_7.6.2_326\Workspace\LIB_GL865\Debug\libLIB_GL865.a(GL865.o)
 .debug_info    0x000083c5     0x1340 C:\Users\Prototipado\Documents\LPCXpresso_7.6.2_326\Workspace\Lib_FatFs_SD\Debug\libLib_FatFs_SD.a(ff.o)
 .debug_info    0x00009705      0x835 C:\Users\Prototipado\Documents\LPCXpresso_7.6.2_326\Workspace\Lib_FatFs_SD\Debug\libLib_FatFs_SD.a(mmc.o)
 .debug_info    0x00009f3a      0x19b C:\Users\Prototipado\Documents\LPCXpresso_7.6.2_326\Workspace\Lib_FatFs_SD\Debug\libLib_FatFs_SD.a(FatFS_support.o)
 .debug_info    0x0000a0d5      0x2f0 C:\Users\Prototipado\Documents\LPCXpresso_7.6.2_326\Workspace\LIB_GLCDgui\Debug\libLIB_GLCDgui.a(GLCDgui.o)
 .debug_info    0x0000a3c5      0x1d8 C:\Users\Prototipado\Documents\LPCXpresso_7.6.2_326\Workspace\LIB_GLCDgui\Debug\libLIB_GLCDgui.a(list.o)
 .debug_info    0x0000a59d      0x415 C:\Users\Prototipado\Documents\LPCXpresso_7.6.2_326\Workspace\LIB_GLCDgui\Debug\libLIB_GLCDgui.a(picture.o)